Component: ARM Compiler 5.06 update 6 (build 750) Tool: armlink [4d35ed]

==============================================================================

Section Cross References

    startup_stm32l475xx.o(RESET) refers to startup_stm32l475xx.o(STACK) for __initial_sp
    startup_stm32l475xx.o(RESET) refers to startup_stm32l475xx.o(.text) for Reset_Handler
    startup_stm32l475xx.o(RESET) refers to stm32l4xx_it.o(i.NMI_Handler) for NMI_Handler
    startup_stm32l475xx.o(RESET) refers to stm32l4xx_it.o(i.HardFault_Handler) for HardFault_Handler
    startup_stm32l475xx.o(RESET) refers to stm32l4xx_it.o(i.MemManage_Handler) for MemManage_Handler
    startup_stm32l475xx.o(RESET) refers to stm32l4xx_it.o(i.BusFault_Handler) for BusFault_Handler
    startup_stm32l475xx.o(RESET) refers to stm32l4xx_it.o(i.UsageFault_Handler) for UsageFault_Handler
    startup_stm32l475xx.o(RESET) refers to stm32l4xx_it.o(i.SVC_Handler) for SVC_Handler
    startup_stm32l475xx.o(RESET) refers to stm32l4xx_it.o(i.DebugMon_Handler) for DebugMon_Handler
    startup_stm32l475xx.o(RESET) refers to stm32l4xx_it.o(i.PendSV_Handler) for PendSV_Handler
    startup_stm32l475xx.o(RESET) refers to stm32l4xx_it.o(i.SysTick_Handler) for SysTick_Handler
    startup_stm32l475xx.o(RESET) refers to stm32l4xx_it.o(i.RTC_WKUP_IRQHandler) for RTC_WKUP_IRQHandler
    startup_stm32l475xx.o(RESET) refers to stm32l4xx_it.o(i.DMA1_Channel1_IRQHandler) for DMA1_Channel1_IRQHandler
    startup_stm32l475xx.o(RESET) refers to stm32l4xx_it.o(i.DMA1_Channel5_IRQHandler) for DMA1_Channel5_IRQHandler
    startup_stm32l475xx.o(RESET) refers to stm32l4xx_it.o(i.DMA1_Channel6_IRQHandler) for DMA1_Channel6_IRQHandler
    startup_stm32l475xx.o(RESET) refers to stm32l4xx_it.o(i.USART1_IRQHandler) for USART1_IRQHandler
    startup_stm32l475xx.o(RESET) refers to stm32l4xx_it.o(i.USART2_IRQHandler) for USART2_IRQHandler
    startup_stm32l475xx.o(RESET) refers to stm32l4xx_it.o(i.EXTI15_10_IRQHandler) for EXTI15_10_IRQHandler
    startup_stm32l475xx.o(.text) refers to system_stm32l4xx.o(i.SystemInit) for SystemInit
    startup_stm32l475xx.o(.text) refers to entry.o(.ARM.Collect$$$$00000000) for __main
    display_epd_w21.o(i.EPD_W21_Init) refers to stm32l4xx_hal_gpio.o(i.HAL_GPIO_WritePin) for HAL_GPIO_WritePin
    display_epd_w21.o(i.EPD_W21_Init) refers to main.o(i.driver_delay_xms) for driver_delay_xms
    display_epd_w21_spi.o(i.EPD_W21_WriteCMD) refers to main.o(i.driver_delay_us) for driver_delay_us
    display_epd_w21_spi.o(i.EPD_W21_WriteCMD) refers to stm32l4xx_hal_gpio.o(i.HAL_GPIO_WritePin) for HAL_GPIO_WritePin
    display_epd_w21_spi.o(i.EPD_W21_WriteCMD) refers to display_epd_w21_spi.o(i.SPI_Write) for SPI_Write
    display_epd_w21_spi.o(i.EPD_W21_WriteDATA) refers to main.o(i.driver_delay_us) for driver_delay_us
    display_epd_w21_spi.o(i.EPD_W21_WriteDATA) refers to stm32l4xx_hal_gpio.o(i.HAL_GPIO_WritePin) for HAL_GPIO_WritePin
    display_epd_w21_spi.o(i.EPD_W21_WriteDATA) refers to display_epd_w21_spi.o(i.SPI_Write) for SPI_Write
    display_epd_w21_spi.o(i.SPI_Delay) refers to main.o(i.driver_delay_us) for driver_delay_us
    display_epd_w21_spi.o(i.SPI_Write) refers to main.o(i.driver_delay_us) for driver_delay_us
    display_epd_w21_spi.o(i.SPI_Write) refers to stm32l4xx_hal_gpio.o(i.HAL_GPIO_WritePin) for HAL_GPIO_WritePin
    main.o(i.ADC_CAL) refers to stm32l4xx_hal_uart.o(i.HAL_UART_AbortReceive) for HAL_UART_AbortReceive
    main.o(i.ADC_CAL) refers to stm32l4xx_hal_uart.o(i.HAL_UART_DMAStop) for HAL_UART_DMAStop
    main.o(i.ADC_CAL) refers to stm32l4xx_hal.o(i.HAL_Delay) for HAL_Delay
    main.o(i.ADC_CAL) refers to stm32l4xx_hal_uart.o(i.HAL_UART_Receive_DMA) for HAL_UART_Receive_DMA
    main.o(i.ADC_CAL) refers to stm32l4xx_hal_uart.o(i.HAL_UART_DMAResume) for HAL_UART_DMAResume
    main.o(i.ADC_CAL) refers to main.o(i.mip_init) for mip_init
    main.o(i.ADC_CAL) refers to main.o(i.mip_blank_screen) for mip_blank_screen
    main.o(i.ADC_CAL) refers to main.o(i.mip_data_tran) for mip_data_tran
    main.o(i.ADC_CAL) refers to stm32l4xx_hal_uart.o(i.HAL_UART_Transmit) for HAL_UART_Transmit
    main.o(i.ADC_CAL) refers to main.o(.data) for .data
    main.o(i.ADC_CAL) refers to main.o(.bss) for .bss
    main.o(i.ADC_CAL) refers to main.o(.constdata) for .constdata
    main.o(i.BLE_Beacon) refers to main.o(i.beacon_checksum) for beacon_checksum
    main.o(i.BLE_Beacon) refers to dmul.o(.text) for __aeabi_dmul
    main.o(i.BLE_Beacon) refers to main.o(i.double2string_HEX) for double2string_HEX
    main.o(i.BLE_Beacon) refers to main.o(i.hexseparation) for hexseparation
    main.o(i.BLE_Beacon) refers to stm32l4xx_hal.o(i.HAL_Delay) for HAL_Delay
    main.o(i.BLE_Beacon) refers to stm32l4xx_hal_uart.o(i.HAL_UART_Transmit) for HAL_UART_Transmit
    main.o(i.BLE_Beacon) refers to main.o(.bss) for .bss
    main.o(i.BLE_Beacon) refers to main.o(.data) for .data
    main.o(i.BLE_FAC) refers to stm32l4xx_hal_gpio.o(i.HAL_GPIO_WritePin) for HAL_GPIO_WritePin
[...]
    single_temp_min_minus_value              0x0800c18f   Data           4  main.o(.constdata)
    temp_min_dot_address                     0x0800c194   Data           6  main.o(.constdata)
    single_temp_min_dot_value                0x0800c19a   Data           6  main.o(.constdata)
    temp_min_minus_address                   0x0800c1a0   Data           8  main.o(.constdata)
    single_temp_min_minus_address            0x0800c1a8   Data           8  main.o(.constdata)
    constant_address                         0x0800c1b0   Data         610  main.o(.constdata)
    constant_value                           0x0800c412   Data         305  main.o(.constdata)
    constant_dualchannel_address             0x0800c544   Data         784  main.o(.constdata)
    constant_dualchannel_value               0x0800c854   Data         392  main.o(.constdata)
    constant_singlechannelCH1_address        0x0800c9dc   Data         464  main.o(.constdata)
    constant_singlechannelCH1_value          0x0800cbac   Data         232  main.o(.constdata)
    constant_singlechannelCH2_address        0x0800cc94   Data         456  main.o(.constdata)
    constant_singlechannelCH2_value          0x0800ce5c   Data         228  main.o(.constdata)
    const_dataonapp_address                  0x0800cf40   Data         700  main.o(.constdata)
    const_dataonapp_value                    0x0800d1fc   Data         350  main.o(.constdata)
    BLE_HID_address                          0x0800d35a   Data         220  main.o(.constdata)
    BLE_HID_value                            0x0800d436   Data         110  main.o(.constdata)
    RF_symbol_address                        0x0800d4a4   Data         174  main.o(.constdata)
    RF_symbol_value                          0x0800d552   Data          87  main.o(.constdata)
    wifi_symbol_3_address                    0x0800d5aa   Data         188  main.o(.constdata)
    wifi_symbol_3_value                      0x0800d666   Data          94  main.o(.constdata)
    wifi_symbol_2_address                    0x0800d6c4   Data         112  main.o(.constdata)
    wifi_symbol_2_value                      0x0800d734   Data          56  main.o(.constdata)
    wifi_symbol_1_address                    0x0800d76c   Data          64  main.o(.constdata)
    wifi_symbol_1_value                      0x0800d7ac   Data          32  main.o(.constdata)
    batt_full_address                        0x0800d7cc   Data         290  main.o(.constdata)
    batt_full_value                          0x0800d8ee   Data         145  main.o(.constdata)
    batt_80_address                          0x0800d980   Data         270  main.o(.constdata)
    batt_80_value                            0x0800da8e   Data         135  main.o(.constdata)
    batt_60_address                          0x0800db16   Data         250  main.o(.constdata)
    batt_60_value                            0x0800dc10   Data         125  main.o(.constdata)
    batt_40_address                          0x0800dc8e   Data         230  main.o(.constdata)
    batt_40_value                            0x0800dd74   Data         115  main.o(.constdata)
    batt_empty_address                       0x0800dde8   Data         210  main.o(.constdata)
    batt_empty_value                         0x0800deba   Data         105  main.o(.constdata)
    id_address                               0x0800df24   Data         244  main.o(.constdata)
    id_value                                 0x0800e018   Data         122  main.o(.constdata)
    demo_address                             0x0800e092   Data        1998  main.o(.constdata)
    demo_value                               0x0800e860   Data         999  main.o(.constdata)
    min_max_address                          0x0800ec48   Data         364  main.o(.constdata)
    min_max_value                            0x0800edb4   Data         182  main.o(.constdata)
    degree_f_address                         0x0800ee6a   Data          70  main.o(.constdata)
    degree_f_value                           0x0800eeb0   Data          35  main.o(.constdata)
    degree_f_1_address                       0x0800eed4   Data          54  main.o(.constdata)
    degree_f_1_value                         0x0800ef0a   Data          27  main.o(.constdata)
    degree_c_address                         0x0800ef26   Data          58  main.o(.constdata)
    degree_c_value                           0x0800ef60   Data          29  main.o(.constdata)
    degree_c_1_address                       0x0800ef7e   Data          58  main.o(.constdata)
    degree_c_1_value                         0x0800efb8   Data          29  main.o(.constdata)
    percentage_address                       0x0800efd6   Data         144  main.o(.constdata)
    percentage_value                         0x0800f066   Data          72  main.o(.constdata)
    degree_single_f_address                  0x0800f0ae   Data          54  main.o(.constdata)
    degree_single_f_value                    0x0800f0e4   Data          27  main.o(.constdata)
    degree_single_c_address                  0x0800f100   Data          50  main.o(.constdata)
    degree_single_c_value                    0x0800f132   Data          25  main.o(.constdata)
    percentage_address_1                     0x0800f14c   Data          86  main.o(.constdata)
    percentage_value_1                       0x0800f1a2   Data          43  main.o(.constdata)
    one_year_address                         0x0800f1ce   Data          22  main.o(.constdata)
    one_year_value                           0x0800f1e4   Data          11  main.o(.constdata)
    two_year_address                         0x0800f1f0   Data          28  main.o(.constdata)
    two_year_value                           0x0800f20c   Data          14  main.o(.constdata)
    three_year_address                       0x0800f21a   Data          30  main.o(.constdata)
    three_year_value                         0x0800f238   Data          15  main.o(.constdata)
    four_year_address                        0x0800f248   Data          26  main.o(.constdata)
    four_year_value                          0x0800f262   Data          13  main.o(.constdata)
    five_year_address                        0x0800f270   Data          28  main.o(.constdata)
    five_year_value                          0x0800f28c   Data          14  main.o(.constdata)
    six_year_address                         0x0800f29a   Data          32  main.o(.constdata)
    six_year_value                           0x0800f2ba   Data          16  main.o(.constdata)
    seven_year_address                       0x0800f2ca   Data          24  main.o(.constdata)
    seven_year_value                         0x0800f2e2   Data          12  main.o(.constdata)
    eight_year_address                       0x0800f2ee   Data          36  main.o(.constdata)
    eight_year_value                         0x0800f312   Data          18  main.o(.constdata)
    nine_year_address                        0x0800f324   Data          32  main.o(.constdata)
    nine_year_value                          0x0800f344   Data          16  main.o(.constdata)
    zero_year_address                        0x0800f354   Data          36  main.o(.constdata)
    zero_year_value                          0x0800f378   Data          18  main.o(.constdata)
    one_month_address                        0x0800f38a   Data          22  main.o(.constdata)
    one_month_value                          0x0800f3a0   Data          11  main.o(.constdata)
    two_month_address                        0x0800f3ac   Data          28  main.o(.constdata)
    two_month_value                          0x0800f3c8   Data          14  main.o(.constdata)
    three_month_address                      0x0800f3d6   Data          30  main.o(.constdata)
    three_month_value                        0x0800f3f4   Data          15  main.o(.constdata)
    four_month_address                       0x0800f404   Data          26  main.o(.constdata)
    four_month_value                         0x0800f41e   Data          13  main.o(.constdata)
    five_month_address                       0x0800f42c   Data          28  main.o(.constdata)
    five_month_value                         0x0800f448   Data          14  main.o(.constdata)
    six_month_address                        0x0800f456   Data          32  main.o(.constdata)
    six_month_value                          0x0800f476   Data          16  main.o(.constdata)
    seven_month_address                      0x0800f486   Data          24  main.o(.constdata)
    seven_month_value                        0x0800f49e   Data          12  main.o(.constdata)
    eight_month_address                      0x0800f4aa   Data          36  main.o(.constdata)
    eight_month_value                        0x0800f4ce   Data          18  main.o(.constdata)
    nine_month_address                       0x0800f4e0   Data          32  main.o(.constdata)
    nine_month_value                         0x0800f500   Data          16  main.o(.constdata)
    zero_month_address                       0x0800f510   Data          36  main.o(.constdata)
    zero_month_value                         0x0800f534   Data          18  main.o(.constdata)
    one_date_address                         0x0800f546   Data          18  main.o(.constdata)
    one_date_value                           0x0800f558   Data           9  main.o(.constdata)
    two_date_address                         0x0800f562   Data          18  main.o(.constdata)
    two_date_value                           0x0800f574   Data           9  main.o(.constdata)
    three_date_address                       0x0800f57e   Data          18  main.o(.constdata)
    three_date_value                         0x0800f590   Data           9  main.o(.constdata)
    four_date_address                        0x0800f59a   Data          18  main.o(.constdata)
    four_date_value                          0x0800f5ac   Data           9  main.o(.constdata)
    five_date_address                        0x0800f5b6   Data          18  main.o(.constdata)
    five_date_value                          0x0800f5c8   Data           9  main.o(.constdata)
    six_date_address                         0x0800f5d2   Data          18  main.o(.constdata)
    six_date_value                           0x0800f5e4   Data           9  main.o(.constdata)
    seven_date_address                       0x0800f5ee   Data          18  main.o(.constdata)
    seven_date_value                         0x0800f600   Data           9  main.o(.constdata)
    eight_date_address                       0x0800f60a   Data          18  main.o(.constdata)
    eight_date_value                         0x0800f61c   Data           9  main.o(.constdata)
    nine_date_address                        0x0800f626   Data          18  main.o(.constdata)
    nine_date_value                          0x0800f638   Data           9  main.o(.constdata)
    zero_date_address                        0x0800f642   Data          18  main.o(.constdata)
    zero_date_value                          0x0800f654   Data           9  main.o(.constdata)
    one_hour_address                         0x0800f65e   Data          18  main.o(.constdata)
    one_hour_value                           0x0800f670   Data           9  main.o(.constdata)
    two_hour_address                         0x0800f67a   Data          20  main.o(.constdata)
    two_hour_value                           0x0800f68e   Data          10  main.o(.constdata)
    three_hour_address                       0x0800f698   Data          26  main.o(.constdata)
    three_hour_value                         0x0800f6b2   Data          13  main.o(.constdata)
    four_hour_address                        0x0800f6c0   Data          22  main.o(.constdata)
    four_hour_value                          0x0800f6d6   Data          11  main.o(.constdata)
    five_hour_address                        0x0800f6e2   Data          24  main.o(.constdata)
    five_hour_value                          0x0800f6fa   Data          12  main.o(.constdata)
    six_hour_address                         0x0800f706   Data          28  main.o(.constdata)
    six_hour_value                           0x0800f722   Data          14  main.o(.constdata)
    seven_hour_address                       0x0800f730   Data          20  main.o(.constdata)
    seven_hour_value                         0x0800f744   Data          10  main.o(.constdata)
    eight_hour_address                       0x0800f74e   Data          30  main.o(.constdata)
    eight_hour_value                         0x0800f76c   Data          15  main.o(.constdata)
    nine_hour_address                        0x0800f77c   Data          18  main.o(.constdata)
    nine_hour_value                          0x0800f78e   Data           9  main.o(.constdata)
    zero_hour_address                        0x0800f798   Data          32  main.o(.constdata)
    zero_hour_value                          0x0800f7b8   Data          16  main.o(.constdata)
    one_min_address                          0x0800f7c8   Data          18  main.o(.constdata)
    one_min_value                            0x0800f7da   Data           9  main.o(.constdata)
    two_min_address                          0x0800f7e4   Data          18  main.o(.constdata)
    two_min_value                            0x0800f7f6   Data           9  main.o(.constdata)
    three_min_address                        0x0800f800   Data          18  main.o(.constdata)
    three_min_value                          0x0800f812   Data           9  main.o(.constdata)
    four_min_address                         0x0800f81c   Data          18  main.o(.constdata)
    four_min_value                           0x0800f82e   Data           9  main.o(.constdata)
    five_min_address                         0x0800f838   Data          18  main.o(.constdata)
    five_min_value                           0x0800f84a   Data           9  main.o(.constdata)
    six_min_address                          0x0800f854   Data          18  main.o(.constdata)
    six_min_value                            0x0800f866   Data           9  main.o(.constdata)
    seven_min_address                        0x0800f870   Data          18  main.o(.constdata)
    seven_min_value                          0x0800f882   Data           9  main.o(.constdata)
    eight_min_address                        0x0800f88c   Data          18  main.o(.constdata)
    eight_min_value                          0x0800f89e   Data           9  main.o(.constdata)
    nine_min_address                         0x0800f8a8   Data          18  main.o(.constdata)
    nine_min_value                           0x0800f8ba   Data           9  main.o(.constdata)
    zero_min_address                         0x0800f8c4   Data          18  main.o(.constdata)
    zero_min_value                           0x0800f8d6   Data           9  main.o(.constdata)
    one_address                              0x0800f8e0   Data         206  main.o(.constdata)
    one_value                                0x0800f9ae   Data         103  main.o(.constdata)
    two_address                              0x0800fa16   Data         278  main.o(.constdata)
    two_value                                0x0800fb2c   Data         139  main.o(.constdata)
    three_address                            0x0800fbb8   Data         296  main.o(.constdata)
    three_value                              0x0800fce0   Data         148  main.o(.constdata)
    four_address                             0x0800fd74   Data         288  main.o(.constdata)
    four_value                               0x0800fe94   Data         144  main.o(.constdata)
    five_address                             0x0800ff24   Data         284  main.o(.constdata)
    five_value                               0x08010040   Data         142  main.o(.constdata)
    six_address                              0x080100ce   Data         330  main.o(.constdata)
    six_value                                0x08010218   Data         165  main.o(.constdata)
    seven_address                            0x080102be   Data         234  main.o(.constdata)
    seven_value                              0x080103a8   Data         117  main.o(.constdata)
    eight_address                            0x0801041e   Data         360  main.o(.constdata)
    eight_value                              0x08010586   Data         180  main.o(.constdata)
    nine_address                             0x0801063a   Data         332  main.o(.constdata)
    nine_value                               0x08010786   Data         166  main.o(.constdata)
    zero_address                             0x0801082c   Data         346  main.o(.constdata)
    zero_value                               0x08010986   Data         173  main.o(.constdata)
    minus_address                            0x08010a34   Data          64  main.o(.constdata)
    minus_value                              0x08010a74   Data          32  main.o(.constdata)
    dot_address                              0x08010a94   Data          66  main.o(.constdata)
    dot_value                                0x08010ad6   Data          33  main.o(.constdata)
    temp_min_one_address                     0x08010af8   Data          50  main.o(.constdata)
    temp_min_one_value                       0x08010b2a   Data          25  main.o(.constdata)
    temp_min_two_address                     0x08010b44   Data          44  main.o(.constdata)
    temp_min_two_value                       0x08010b70   Data          22  main.o(.constdata)
    temp_min_three_address                   0x08010b86   Data          44  main.o(.constdata)
    temp_min_three_value                     0x08010bb2   Data          22  main.o(.constdata)
    temp_min_four_address                    0x08010bc8   Data          42  main.o(.constdata)
    temp_min_four_value                      0x08010bf2   Data          21  main.o(.constdata)
    temp_min_five_address                    0x08010c08   Data          40  main.o(.constdata)
    temp_min_five_value                      0x08010c30   Data          20  main.o(.constdata)
    temp_min_six_address                     0x08010c44   Data          48  main.o(.constdata)
    temp_min_six_value                       0x08010c74   Data          24  main.o(.constdata)
    temp_min_seven_address                   0x08010c8c   Data          40  main.o(.constdata)
    temp_min_seven_value                     0x08010cb4   Data          20  main.o(.constdata)
    temp_min_eight_address                   0x08010cc8   Data          52  main.o(.constdata)
    temp_min_eight_value                     0x08010cfc   Data          26  main.o(.constdata)
    temp_min_nine_address                    0x08010d16   Data          48  main.o(.constdata)
    temp_min_nine_value                      0x08010d46   Data          24  main.o(.constdata)
    temp_min_zero_address                    0x08010d5e   Data          52  main.o(.constdata)
    temp_min_zero_value                      0x08010d92   Data          26  main.o(.constdata)
    single_one_address                       0x08010dac   Data         356  main.o(.constdata)
    single_one_value                         0x08010f10   Data         178  main.o(.constdata)
    single_two_address                       0x08010fc2   Data         484  main.o(.constdata)
    single_two_value                         0x080111a6   Data         242  main.o(.constdata)
    single_three_address                     0x08011298   Data         472  main.o(.constdata)
    single_three_value                       0x08011470   Data         236  main.o(.constdata)
    single_four_address                      0x0801155c   Data         566  main.o(.constdata)
    single_four_value                        0x08011792   Data         283  main.o(.constdata)
    single_five_address                      0x080118ae   Data         534  main.o(.constdata)
    single_five_value                        0x08011ac4   Data         267  main.o(.constdata)
    single_six_address                       0x08011bd0   Data         584  main.o(.constdata)
    single_six_value                         0x08011e18   Data         292  main.o(.constdata)
    single_seven_address                     0x08011f3c   Data         402  main.o(.constdata)
    single_seven_value                       0x080120ce   Data         201  main.o(.constdata)
    single_eight_address                     0x08012198   Data         612  main.o(.constdata)
    single_eight_value                       0x080123fc   Data         306  main.o(.constdata)
    single_nine_address                      0x0801252e   Data         560  main.o(.constdata)
    single_nine_value                        0x0801275e   Data         280  main.o(.constdata)
    single_zero_address                      0x08012876   Data         568  main.o(.constdata)
    single_zero_value                        0x08012aae   Data         284  main.o(.constdata)
    single_minus_address                     0x08012bca   Data          88  main.o(.constdata)
    single_minus_value                       0x08012c22   Data          44  main.o(.constdata)
    single_dot_address                       0x08012c4e   Data          60  main.o(.constdata)
    single_dot_value                         0x08012c8a   Data          30  main.o(.constdata)
    single_temp_min_one_address              0x08012ca8   Data          34  main.o(.constdata)
    single_temp_min_one_value                0x08012cca   Data          17  main.o(.constdata)
    single_temp_min_two_address              0x08012cdc   Data          42  main.o(.constdata)
    single_temp_min_two_value                0x08012d06   Data          21  main.o(.constdata)
    single_temp_min_three_address            0x08012d1c   Data          40  main.o(.constdata)
    single_temp_min_three_value              0x08012d44   Data          20  main.o(.constdata)
    single_temp_min_four_address             0x08012d58   Data          40  main.o(.constdata)
    single_temp_min_four_value               0x08012d80   Data          20  main.o(.constdata)
    single_temp_min_five_address             0x08012d94   Data          40  main.o(.constdata)
    single_temp_min_five_value               0x08012dbc   Data          20  main.o(.constdata)
    single_temp_min_six_address              0x08012dd0   Data          48  main.o(.constdata)
    single_temp_min_six_value                0x08012e00   Data          24  main.o(.constdata)
    single_temp_min_seven_address            0x08012e18   Data          38  main.o(.constdata)
    single_temp_min_seven_value              0x08012e3e   Data          19  main.o(.constdata)
    single_temp_min_eight_address            0x08012e52   Data          52  main.o(.constdata)
    single_temp_min_eight_value              0x08012e86   Data          26  main.o(.constdata)
    single_temp_min_nine_address             0x08012ea0   Data          48  main.o(.constdata)
    single_temp_min_nine_value               0x08012ed0   Data          24  main.o(.constdata)
    single_temp_min_zero_address             0x08012ee8   Data          52  main.o(.constdata)
    single_temp_min_zero_value               0x08012f1c   Data          26  main.o(.constdata)
    single_temp_min_dot_address              0x08012f36   Data          12  main.o(.constdata)
    degree_address                           0x08012f42   Data          36  main.o(.constdata)
    degree_value                             0x08012f66   Data          18  main.o(.constdata)
    f_address                                0x08012f78   Data         126  main.o(.constdata)
    f_value                                  0x08012ff6   Data          63  main.o(.constdata)
    min_max_num_address                      0x08013036   Data         668  main.o(.constdata)
    min_max_num_value                        0x080132d2   Data         334  main.o(.constdata)
    init_screen                              0x08013420   Data       12000  main.o(.constdata)
    BT_connected_screen                      0x08016300   Data       12000  main.o(.constdata)
    config_complete                          0x080191e0   Data       12000  main.o(.constdata)
    cali_mode_start                          0x0801c0c0   Data       12000  main.o(.constdata)
    cali_mode_complete                       0x0801efa0   Data       12000  main.o(.constdata)
    data_retrieval_mode_start                0x08021e80   Data       12000  main.o(.constdata)
    data_retrieval_mode_complete             0x08024d60   Data       12000  main.o(.constdata)
    a2d_10k                                  0x08027c40   Data        1024  main.o(.constdata)
    temp_f                                   0x08028040   Data        1024  main.o(.constdata)
    AHBPrescTable                            0x08028440   Data          16  system_stm32l4xx.o(.constdata)
    MSIRangeTable                            0x08028450   Data          48  system_stm32l4xx.o(.constdata)
    APBPrescTable                            0x08028480   Data           8  system_stm32l4xx.o(.constdata)
    Region$$Table$$Base                      0x08028488   Number         0  anon$$obj.o(Region$$Table)
    Region$$Table$$Limit                     0x080284a8   Number         0  anon$$obj.o(Region$$Table)
    MODE                                     0x20000000   Data           1  main.o(.data)
    isSHT31Connected                         0x20000001   Data           1  main.o(.data)
    unitSelection                            0x20000002   Data           1  main.o(.data)
    threshold_flag_1                         0x20000003   Data           1  main.o(.data)
    threshold_flag_2                         0x20000004   Data           1  main.o(.data)
    threshold_flag_both                      0x20000005   Data           1  main.o(.data)
    threshold_flag                           0x20000006   Data           1  main.o(.data)
    crc_check                                0x20000007   Data           1  main.o(.data)
    adc_val_location_1                       0x20000008   Data           1  main.o(.data)
    adc_val_location_2                       0x20000009   Data           1  main.o(.data)
    sensor_selection_flag                    0x2000000a   Data           1  main.o(.data)
    display_to_app_flag                      0x2000000b   Data           1  main.o(.data)
    alarm_button_press_1                     0x2000000c   Data           1  main.o(.data)
    alarm_button_press_2                     0x2000000d   Data           1  main.o(.data)
    alarm_button_press                       0x2000000e   Data           1  main.o(.data)
    no_sensor_selected_1                     0x2000000f   Data           1  main.o(.data)
    no_sensor_selected_2                     0x20000010   Data           1  main.o(.data)
    battery_low                              0x20000011   Data           1  main.o(.data)
    BLE_flag                                 0x20000012   Data           1  main.o(.data)
    RF_Flag                                  0x20000013   Data           1  main.o(.data)
    dateTrans                                0x20000014   Data           1  main.o(.data)
    counter_1                                0x20000015   Data           1  main.o(.data)
    counter_2                                0x20000016   Data           1  main.o(.data)
    cali_counter_1                           0x20000017   Data           1  main.o(.data)
    cali_counter_2                           0x20000018   Data           1  main.o(.data)
    temp                                     0x20000019   Data           1  main.o(.data)
    temp_asc                                 0x2000001a   Data           1  main.o(.data)
    sensor_validity_flag_1                   0x2000001b   Data           1  main.o(.data)
    sensor_validity_flag_2                   0x2000001c   Data           1  main.o(.data)
    reset_pressed_flag                       0x2000001d   Data           1  main.o(.data)
    Contactsense                             0x2000001e   Data           1  main.o(.data)
    Batterysense                             0x2000001f   Data           1  main.o(.data)
    beaconchecksum                           0x20000020   Data           1  main.o(.data)
    bt_flag                                  0x20000021   Data           1  main.o(.data)
    rt_flag                                  0x20000022   Data           1  main.o(.data)
    counter1_mem                             0x20000023   Data           1  main.o(.data)
    counter2_mem                             0x20000024   Data           1  main.o(.data)
    counter3_mem                             0x20000025   Data           1  main.o(.data)
    counter4_mem                             0x20000026   Data           1  main.o(.data)
    cal_counter1_mem                         0x20000027   Data           1  main.o(.data)
    cal_counter2_mem                         0x20000028   Data           1  main.o(.data)
    cal_counter3_mem                         0x20000029   Data           1  main.o(.data)
    cal_counter4_mem                         0x2000002a   Data           1  main.o(.data)
    PgCount                                  0x2000002b   Data           1  main.o(.data)
    Flash_erase_page_flag                    0x2000002c   Data           1  main.o(.data)
    cali_temp                                0x2000002d   Data           1  main.o(.data)
    cali_asc                                 0x2000002e   Data           1  main.o(.data)
    trans_selec_flag                         0x2000002f   Data           1  main.o(.data)
    reset_year                               0x20000030   Data           1  main.o(.data)
    reset_month                              0x20000031   Data           1  main.o(.data)
    reset_date                               0x20000032   Data           1  main.o(.data)
    reset_hour                               0x20000033   Data           1  main.o(.data)
    reset_min                                0x20000034   Data           1  main.o(.data)
    ADC_CH4_OFFSET_10K                       0x20000036   Data           2  main.o(.data)
    ADC_CH4_OFFSET_100K                      0x20000038   Data           2  main.o(.data)
    ADC_CH4_OFFSET_100K_40                   0x2000003a   Data           2  main.o(.data)
    ADC_CH4_OFFSET_100K_20                   0x2000003c   Data           2  main.o(.data)
    ADC_CH4_OFFSET_100K_0                    0x2000003e   Data           2  main.o(.data)
    ADC_CH4_OFFSET_100K_60                   0x20000040   Data           2  main.o(.data)
    ADC_CH7_OFFSET_10K                       0x20000042   Data           2  main.o(.data)
    ADC_CH7_OFFSET_100K                      0x20000044   Data           2  main.o(.data)
    ADC_CH7_OFFSET_100K_40                   0x20000046   Data           2  main.o(.data)
    ADC_CH7_OFFSET_100K_20                   0x20000048   Data           2  main.o(.data)
    ADC_CH7_OFFSET_100K_0                    0x2000004a   Data           2  main.o(.data)
    ADC_CH7_OFFSET_100K_60                   0x2000004c   Data           2  main.o(.data)
    flag_for_adc_selection                   0x2000004e   Data           2  main.o(.data)
    Flag_counter1                            0x20000050   Data           2  main.o(.data)
    Flag_counter2                            0x20000052   Data           2  main.o(.data)
    Flag_counter3                            0x20000054   Data           2  main.o(.data)
    Flag_counter4                            0x20000056   Data           2  main.o(.data)
    dataCnt                                  0x20000058   Data           2  main.o(.data)
    temp_raw_sht31                           0x2000005a   Data           2  main.o(.data)
    humi_raw_sht31                           0x2000005c   Data           2  main.o(.data)
    con                                      0x2000005e   Data           2  main.o(.data)
    tempin_hex                               0x20000060   Data           3  main.o(.data)
    adc_error_cha_4                          0x20000064   Data           4  main.o(.data)
    adc_error_cha_7                          0x20000068   Data           4  main.o(.data)
    Ex_adc_error_cha_4                       0x2000006c   Data           4  main.o(.data)
    Ex_adc_error_cha_7                       0x20000070   Data           4  main.o(.data)
    baudrate_uart1                           0x20000074   Data           4  main.o(.data)
    string_size                              0x20000078   Data           4  main.o(.data)
    code_counter                             0x2000007c   Data           4  main.o(.data)
    highthresh_1                             0x20000080   Data           4  main.o(.data)
    highthresh_2                             0x20000084   Data           4  main.o(.data)
    lowthresh_1                              0x20000088   Data           4  main.o(.data)
    lowthresh_2                              0x2000008c   Data           4  main.o(.data)
    transmission_timer                       0x20000090   Data           4  main.o(.data)
    loop_count_d                             0x20000094   Data           4  main.o(.data)
    loop_count_t                             0x20000098   Data           4  main.o(.data)
    Trans_LDO_ON_counter                     0x2000009c   Data           4  main.o(.data)
    len                                      0x200000a0   Data           4  main.o(.data)
    size_1                                   0x200000a4   Data           4  main.o(.data)
    address                                  0x200000a8   Data           4  main.o(.data)
    dot_detect                               0x200000ac   Data           4  main.o(.data)
    sDate                                    0x200000b0   Data           4  main.o(.data)
    lower_index                              0x200000b4   Data           4  main.o(.data)
    higher_index                             0x200000b8   Data           4  main.o(.data)
    display_timer                            0x200000bc   Data           4  main.o(.data)
    display_count                            0x200000c0   Data           4  main.o(.data)
    transmission_count                       0x200000c4   Data           4  main.o(.data)
    transmission_LDO_ON_Count                0x200000c8   Data           4  main.o(.data)
    val                                      0x200000cc   Data           4  main.o(.data)
    val1                                     0x200000d0   Data           4  main.o(.data)
    Page_Start_Addr                          0x200000d4   Data           4  main.o(.data)
    Next_Page_Start_Addr                     0x200000d8   Data           4  main.o(.data)
    Flash_Erase_Pageaddress                  0x200000dc   Data           4  main.o(.data)
    connect                                  0x200000e0   Data           5  main.o(.data)
    a2d_string                               0x200000e5   Data           6  main.o(.data)
    i2cdata_receive                          0x200000eb   Data           6  main.o(.data)
    temp_hex                                 0x200000f1   Data           6  main.o(.data)
    temp_string                              0x200000f7   Data           7  main.o(.data)
    humi_string                              0x200000fe   Data           7  main.o(.data)
    temp_min_string                          0x20000105   Data           7  main.o(.data)
    temp_max_string                          0x2000010c   Data           7  main.o(.data)
    humi_min_string                          0x20000113   Data           7  main.o(.data)
    humi_max_string                          0x2000011a   Data           7  main.o(.data)
    deviceserial                             0x20000121   Data           7  main.o(.data)
    temp_current_1_c                         0x20000128   Data           8  main.o(.data)
    temp_current_1_f                         0x20000130   Data           8  main.o(.data)
    temp_current_2_c                         0x20000138   Data           8  main.o(.data)
    temp_current_2_f                         0x20000140   Data           8  main.o(.data)
    humi_current                             0x20000148   Data           8  main.o(.data)
    temp_1_min_f                             0x20000150   Data           8  main.o(.data)
    temp_1_max_f                             0x20000158   Data           8  main.o(.data)
    temp_2_min_f                             0x20000160   Data           8  main.o(.data)
    temp_2_max_f                             0x20000168   Data           8  main.o(.data)
    temp_1_min_c                             0x20000170   Data           8  main.o(.data)
    temp_1_max_c                             0x20000178   Data           8  main.o(.data)
    temp_2_min_c                             0x20000180   Data           8  main.o(.data)
    temp_2_max_c                             0x20000188   Data           8  main.o(.data)
    humi_min                                 0x20000190   Data           8  main.o(.data)
    humi_max                                 0x20000198   Data           8  main.o(.data)
    temp_sht31                               0x200001a0   Data           8  main.o(.data)
    humi_sht31                               0x200001a8   Data           8  main.o(.data)
    Flash_Flag_ary                           0x200001b0   Data           8  main.o(.data)
    adc_res_cha_4                            0x200001b8   Data           8  main.o(.data)
    adc_res_cha_7                            0x200001c0   Data           8  main.o(.data)
    adc_volt_cha_1                           0x200001c8   Data           8  main.o(.data)
    adc_volt_cha_4                           0x200001d0   Data           8  main.o(.data)
    adc_volt_cha_7                           0x200001d8   Data           8  main.o(.data)
    adc_average                              0x200001e0   Data           8  main.o(.data)
    a2d                                      0x200001e8   Data           8  main.o(.data)
    diff_a2d                                 0x200001f0   Data           8  main.o(.data)
    a2d_humi                                 0x200001f8   Data           8  main.o(.data)
    diff_temp                                0x20000200   Data           8  main.o(.data)
    diff_humi                                0x20000208   Data           8  main.o(.data)
    ratio                                    0x20000210   Data           8  main.o(.data)
    delta_temp                               0x20000218   Data           8  main.o(.data)
    temp_a2d                                 0x20000220   Data           8  main.o(.data)
    dataFlash                                0x20000228   Data           8  main.o(.data)
    dateFlash                                0x20000230   Data           8  main.o(.data)
    Flag_Data                                0x20000238   Data           8  main.o(.data)
    datauart                                 0x20000240   Data           8  main.o(.data)
    Mono_1BPP                                0x20000248   Data       12000  main.o(.data)
    cal_pre_config                           0x20003128   Data         126  main.o(.data)
    my_serial_bytes                          0x200031a6   Data          27  main.o(.data)
    a2d_100k                                 0x200031c8   Data        1024  main.o(.data)
    ble_pre_config                           0x200035c8   Data         106  main.o(.data)
    uwTick                                   0x20003634   Data           4  stm32l4xx_hal.o(.data)
    pFlash                                   0x20003638   Data          32  stm32l4xx_hal_flash.o(.data)
    SystemCoreClock                          0x20003658   Data           4  system_stm32l4xx.o(.data)
    cal_rec_data_string                      0x2000365c   Data         126  main.o(.bss)
    ble_rec_data_string                      0x200036da   Data         170  main.o(.bss)
    datetime                                 0x20003784   Data          12  main.o(.bss)
    hadc1                                    0x20003790   Data         100  main.o(.bss)
    hi2c1                                    0x200037f4   Data          76  main.o(.bss)
    hrtc                                     0x20003840   Data          36  main.o(.bss)
    sTime                                    0x20003864   Data          20  main.o(.bss)
    huart1                                   0x20003878   Data         120  main.o(.bss)
    huart2                                   0x200038f0   Data         120  main.o(.bss)
    GPIO_InitStruct                          0x20003968   Data          20  main.o(.bss)
    raw_adc                                  0x2000397c   Data          20  main.o(.bss)
    adcval                                   0x20003990   Data        2020  main.o(.bss)
    beacon_array                             0x20004174   Data          26  main.o(.bss)
    arrayforchecksum                         0x2000418e   Data          10  main.o(.bss)
    Data                                     0x20004198   Data         106  main.o(.bss)
    cal_Data                                 0x20004202   Data         126  main.o(.bss)
    pack                                     0x20004280   Data         106  main.o(.bss)
    pack1                                    0x200042ea   Data         126  main.o(.bss)
    hdma_adc1                                0x20004368   Data          72  main.o(.bss)
    hdma_usart1_rx                           0x200043b0   Data          72  main.o(.bss)
    hdma_usart2_rx                           0x200043f8   Data          72  main.o(.bss)
    __initial_sp                             0x20004840   Data           0  startup_stm32l475xx.o(STACK)



==============================================================================

Memory Map of the image

  Image Entry point : 0x08000189

  Load Region LR_IROM1 (Base: 0x08000000, Size: 0x0002bb04, Max: 0x00100000, ABSOLUTE, COMPRESSED[0x00028ee0])

    Execution Region ER_IROM1 (Exec base: 0x08000000, Load base: 0x08000000, Size: 0x000284a8, Max: 0x00100000, ABSOLUTE)

    Exec Addr    Load Addr    Size         Type   Attr      Idx    E Section Name        Object

    0x08000000   0x08000000   0x00000188   Data   RO            3    RESET               startup_stm32l475xx.o
    0x08000188   0x08000188   0x00000000   Code   RO         5165  * .ARM.Collect$$$$00000000  mc_w.l(entry.o)
    0x08000188   0x08000188   0x00000004   Code   RO         5196    .ARM.Collect$$$$00000001  mc_w.l(entry2.o)
    0x0800018c   0x0800018c   0x00000004   Code   RO         5199    .ARM.Collect$$$$00000004  mc_w.l(entry5.o)
    0x08000190   0x08000190   0x00000000   Code   RO         5201    .ARM.Collect$$$$00000008  mc_w.l(entry7b.o)
    0x08000190   0x08000190   0x00000000   Code   RO         5203    .ARM.Collect$$$$0000000A  mc_w.l(entry8b.o)
    0x08000190   0x08000190   0x00000008   Code   RO         5204    .ARM.Collect$$$$0000000B  mc_w.l(entry9a.o)
    0x08000198   0x08000198   0x00000000   Code   RO         5206    .ARM.Collect$$$$0000000D  mc_w.l(entry10a.o)
    0x08000198   0x08000198   0x00000000   Code   RO         5208    .ARM.Collect$$$$0000000F  mc_w.l(entry11a.o)
    0x08000198   0x08000198   0x00000004   Code   RO         5197    .ARM.Collect$$$$00002712  mc_w.l(entry2.o)
    0x0800019c   0x0800019c   0x00000024   Code   RO            4    .text               startup_stm32l475xx.o
    0x080001c0   0x080001c0   0x00000068   Code   RO         5168    .text               mc_w.l(uldiv.o)
    0x08000228   0x08000228   0x00000024   Code   RO         5170    .text               mc_w.l(memseta.o)
    0x0800024c   0x0800024c   0x0000015e   Code   RO         5172    .text               mf_w.l(dadd.o)
    0x080003aa   0x080003aa   0x000000ea   Code   RO         5174    .text               mf_w.l(dmul.o)
    0x08000494   0x08000494   0x000000de   Code   RO         5176    .text               mf_w.l(ddiv.o)
    0x08000572   0x08000572   0x00000022   Code   RO         5180    .text               mf_w.l(dflti.o)
    0x08000594   0x08000594   0x0000001a   Code   RO         5182    .text               mf_w.l(dfltui.o)
    0x080005ae   0x080005ae   0x0000003e   Code   RO         5184    .text               mf_w.l(dfixi.o)
    0x080005ec   0x080005ec   0x00000032   Code   RO         5186    .text               mf_w.l(dfixui.o)
    0x0800061e   0x0800061e   0x00000026   Code   RO         5188    .text               mf_w.l(f2d.o)
    0x08000644   0x08000644   0x00000030   Code   RO         5190    .text               mf_w.l(cdcmple.o)
    0x08000674   0x08000674   0x00000030   Code   RO         5192    .text               mf_w.l(cdrcmple.o)
    0x080006a4   0x080006a4   0x00000038   Code   RO         5194    .text               mf_w.l(d2f.o)
    0x080006dc   0x080006dc   0x0000001e   Code   RO         5210    .text               mc_w.l(llshl.o)
    0x080006fa   0x080006fa   0x00000020   Code   RO         5212    .text               mc_w.l(llushr.o)
    0x0800071a   0x0800071a   0x00000024   Code   RO         5214    .text               mc_w.l(llsshr.o)
    0x0800073e   0x0800073e   0x00000000   Code   RO         5216    .text               mc_w.l(iusefp.o)
    0x0800073e   0x0800073e   0x0000006e   Code   RO         5217    .text               mf_w.l(fepilogue.o)
    0x080007ac   0x080007ac   0x000000ba   Code   RO         5219    .text               mf_w.l(depilogue.o)
    0x08000866   0x08000866   0x00000002   PAD
    0x08000868   0x08000868   0x00000024   Code   RO         5221    .text               mc_w.l(init.o)
    0x0800088c   0x0800088c   0x0000005e   Code   RO         5231    .text               mc_w.l(__dclz77c.o)
    0x080008ea   0x080008ea   0x00000002   PAD
    0x080008ec   0x080008ec   0x000001c8   Code   RO          197    i.ADC_CAL           main.o
    0x08000ab4   0x08000ab4   0x000000dc   Code   RO         2001    i.ADC_ConversionStop  stm32l4xx_hal_adc.o
    0x08000b90   0x08000b90   0x00000068   Code   RO         2002    i.ADC_DMAConvCplt   stm32l4xx_hal_adc.o
    0x08000bf8   0x08000bf8   0x0000001a   Code   RO         2003    i.ADC_DMAError      stm32l4xx_hal_adc.o
    0x08000c12   0x08000c12   0x0000000a   Code   RO         2004    i.ADC_DMAHalfConvCplt  stm32l4xx_hal_adc.o
    0x08000c1c   0x08000c1c   0x00000068   Code   RO         2005    i.ADC_Disable       stm32l4xx_hal_adc.o
    0x08000c84   0x08000c84   0x00000068   Code   RO         2006    i.ADC_Enable        stm32l4xx_hal_adc.o
    0x08000cec   0x08000cec   0x0000036a   Code   RO          200    i.BLE_FAC           main.o
    0x08001056   0x08001056   0x00000002   PAD
    0x08001058   0x08001058   0x0000001c   Code   RO          201    i.BLE_HID_symbol    main.o
    0x08001074   0x08001074   0x000000b0   Code   RO          202    i.Bluvision         main.o
    0x08001124   0x08001124   0x00000002   Code   RO         1810    i.BusFault_Handler  stm32l4xx_it.o
    0x08001126   0x08001126   0x00000002   PAD
    0x08001128   0x08001128   0x00000048   Code   RO          203    i.CtoF              main.o
    0x08001170   0x08001170   0x0000000c   Code   RO         1811    i.DMA1_Channel1_IRQHandler  stm32l4xx_it.o
    0x0800117c   0x0800117c   0x0000000c   Code   RO         1812    i.DMA1_Channel5_IRQHandler  stm32l4xx_it.o
    0x08001188   0x08001188   0x0000000c   Code   RO         1813    i.DMA1_Channel6_IRQHandler  stm32l4xx_it.o
    0x08001194   0x08001194   0x0000002e   Code   RO         4522    i.DMA_SetConfig     stm32l4xx_hal_dma.o
    0x080011c2   0x080011c2   0x00000002   PAD
    0x080011c4   0x080011c4   0x00000134   Code   RO          204    i.DataFlashUART     main.o
    0x080012f8   0x080012f8   0x00000002   Code   RO         1814    i.DebugMon_Handler  stm32l4xx_it.o
    0x080012fa   0x080012fa   0x00000008   Code   RO         1815    i.EXTI15_10_IRQHandler  stm32l4xx_it.o
    0x08001302   0x08001302   0x00000002   PAD
    0x08001304   0x08001304   0x00000054   Code   RO         4345    i.FLASH_FlushCaches  stm32l4xx_hal_flash_ex.o
    0x08001358   0x08001358   0x00000034   Code   RO         4351    i.FLASH_PageErase   stm32l4xx_hal_flash_ex.o
    0x0800138c   0x0800138c   0x00000018   Code   RO         4242    i.FLASH_Program_DoubleWord  stm32l4xx_hal_flash.o
    0x080013a4   0x080013a4   0x00000024   Code   RO         4243    i.FLASH_Program_Fast  stm32l4xx_hal_flash.o
    0x080013c8   0x080013c8   0x00000074   Code   RO         4244    i.FLASH_WaitForLastOperation  stm32l4xx_hal_flash.o
    0x0800143c   0x0800143c   0x000000f8   Code   RO          205    i.Fetch_Ble_Preconfig  main.o
    0x08001534   0x08001534   0x000000fc   Code   RO          206    i.Fetch_Flag        main.o
    0x08001630   0x08001630   0x000000f8   Code   RO          207    i.Fetch_cali_Preconfig  main.o
    0x08001728   0x08001728   0x00000048   Code   RO          208    i.FtoC              main.o
    0x08001770   0x08001770   0x000000f0   Code   RO         2249    i.HAL_ADCEx_MultiModeConfigChannel  stm32l4xx_hal_adc_ex.o
    0x08001860   0x08001860   0x000003fe   Code   RO         2008    i.HAL_ADC_ConfigChannel  stm32l4xx_hal_adc.o
    0x08001c5e   0x08001c5e   0x00000002   Code   RO         2009    i.HAL_ADC_ConvCpltCallback  stm32l4xx_hal_adc.o
    0x08001c60   0x08001c60   0x00000002   Code   RO         2010    i.HAL_ADC_ConvHalfCpltCallback  stm32l4xx_hal_adc.o
    0x08001c62   0x08001c62   0x00000002   PAD
    0x08001c64   0x08001c64   0x00000188   Code   RO         2011    i.HAL_ADC_DeInit    stm32l4xx_hal_adc.o
    0x08001dec   0x08001dec   0x00000002   Code   RO         2012    i.HAL_ADC_ErrorCallback  stm32l4xx_hal_adc.o
    0x08001dee   0x08001dee   0x00000002   PAD
    0x08001df0   0x08001df0   0x000001c8   Code   RO         2017    i.HAL_ADC_Init      stm32l4xx_hal_adc.o
    0x08001fb8   0x08001fb8   0x0000004c   Code   RO         1928    i.HAL_ADC_MspDeInit  stm32l4xx_hal_msp.o
    0x08002004   0x08002004   0x000000b8   Code   RO         1929    i.HAL_ADC_MspInit   stm32l4xx_hal_msp.o
    0x080020bc   0x080020bc   0x000000f0   Code   RO         2024    i.HAL_ADC_Start_DMA  stm32l4xx_hal_adc.o
    0x080021ac   0x080021ac   0x0000007a   Code   RO         2027    i.HAL_ADC_Stop_DMA  stm32l4xx_hal_adc.o
    0x08002226   0x08002226   0x0000003a   Code   RO         4523    i.HAL_DMA_Abort     stm32l4xx_hal_dma.o
    0x08002260   0x08002260   0x0000004e   Code   RO         4524    i.HAL_DMA_Abort_IT  stm32l4xx_hal_dma.o
    0x080022ae   0x080022ae   0x00000002   PAD
    0x080022b0   0x080022b0   0x0000009c   Code   RO         4525    i.HAL_DMA_DeInit    stm32l4xx_hal_dma.o
    0x0800234c   0x0800234c   0x000000ba   Code   RO         4528    i.HAL_DMA_IRQHandler  stm32l4xx_hal_dma.o
    0x08002406   0x08002406   0x00000002   PAD
    0x08002408   0x08002408   0x000000c0   Code   RO         4529    i.HAL_DMA_Init      stm32l4xx_hal_dma.o
    0x080024c8   0x080024c8   0x00000070   Code   RO         4533    i.HAL_DMA_Start_IT  stm32l4xx_hal_dma.o
    0x08002538   0x08002538   0x0000001c   Code   RO         3791    i.HAL_Delay         stm32l4xx_hal.o
    0x08002554   0x08002554   0x00000014   Code   RO         4248    i.HAL_FLASH_Lock    stm32l4xx_hal_flash.o
    0x08002568   0x08002568   0x000000aa   Code   RO         4253    i.HAL_FLASH_Program  stm32l4xx_hal_flash.o
    0x08002612   0x08002612   0x00000002   PAD
    0x08002614   0x08002614   0x00000028   Code   RO         4255    i.HAL_FLASH_Unlock  stm32l4xx_hal_flash.o
    0x0800263c   0x0800263c   0x00000152   Code   RO         4456    i.HAL_GPIO_DeInit   stm32l4xx_hal_gpio.o
    0x0800278e   0x0800278e   0x00000002   PAD
    0x08002790   0x08002790   0x00000010   Code   RO          209    i.HAL_GPIO_EXTI_Callback  main.o
    0x080027a0   0x080027a0   0x00000018   Code   RO         4458    i.HAL_GPIO_EXTI_IRQHandler  stm32l4xx_hal_gpio.o
    0x080027b8   0x080027b8   0x000001ca   Code   RO         4459    i.HAL_GPIO_Init     stm32l4xx_hal_gpio.o
    0x08002982   0x08002982   0x0000000a   Code   RO         4461    i.HAL_GPIO_ReadPin  stm32l4xx_hal_gpio.o
    0x0800298c   0x0800298c   0x0000000a   Code   RO         4463    i.HAL_GPIO_WritePin  stm32l4xx_hal_gpio.o
    0x08002996   0x08002996   0x00000002   PAD
    0x08002998   0x08002998   0x0000000c   Code   RO         3795    i.HAL_GetTick       stm32l4xx_hal.o
    0x080029a4   0x080029a4   0x00000056   Code   RO         2895    i.HAL_I2CEx_ConfigAnalogFilter  stm32l4xx_hal_i2c_ex.o
    0x080029fa   0x080029fa   0x00000052   Code   RO         2896    i.HAL_I2CEx_ConfigDigitalFilter  stm32l4xx_hal_i2c_ex.o
    0x08002a4c   0x08002a4c   0x00000032   Code   RO         2440    i.HAL_I2C_DeInit    stm32l4xx_hal_i2c.o
    0x08002a7e   0x08002a7e   0x00000002   PAD
    0x08002a80   0x08002a80   0x000000b8   Code   RO         2449    i.HAL_I2C_Init      stm32l4xx_hal_i2c.o
    0x08002b38   0x08002b38   0x0000012a   Code   RO         2450    i.HAL_I2C_IsDeviceReady  stm32l4xx_hal_i2c.o
    0x08002c62   0x08002c62   0x00000002   PAD
    0x08002c64   0x08002c64   0x0000012a   Code   RO         2455    i.HAL_I2C_Master_Receive  stm32l4xx_hal_i2c.o
    0x08002d8e   0x08002d8e   0x00000002   PAD
    0x08002d90   0x08002d90   0x0000012a   Code   RO         2462    i.HAL_I2C_Master_Transmit  stm32l4xx_hal_i2c.o
    0x08002eba   0x08002eba   0x00000002   PAD
    0x08002ebc   0x08002ebc   0x0000002c   Code   RO         1930    i.HAL_I2C_MspDeInit  stm32l4xx_hal_msp.o
    0x08002ee8   0x08002ee8   0x0000004c   Code   RO         1931    i.HAL_I2C_MspInit   stm32l4xx_hal_msp.o
    0x08002f34   0x08002f34   0x00000010   Code   RO         3799    i.HAL_IncTick       stm32l4xx_hal.o
    0x08002f44   0x08002f44   0x0000001e   Code   RO         3800    i.HAL_Init          stm32l4xx_hal.o
    0x08002f62   0x08002f62   0x00000002   PAD
    0x08002f64   0x08002f64   0x00000030   Code   RO         3801    i.HAL_InitTick      stm32l4xx_hal.o
    0x08002f94   0x08002f94   0x00000080   Code   RO         1932    i.HAL_MspInit       stm32l4xx_hal_msp.o
    0x08003014   0x08003014   0x00000016   Code   RO         4999    i.HAL_NVIC_DisableIRQ  stm32l4xx_hal_cortex.o
    0x0800302a   0x0800302a   0x00000016   Code   RO         5000    i.HAL_NVIC_EnableIRQ  stm32l4xx_hal_cortex.o
    0x08003040   0x08003040   0x00000040   Code   RO         5006    i.HAL_NVIC_SetPriority  stm32l4xx_hal_cortex.o
    0x08003080   0x08003080   0x00000024   Code   RO         5007    i.HAL_NVIC_SetPriorityGrouping  stm32l4xx_hal_cortex.o
    0x080030a4   0x080030a4   0x00000068   Code   RO         4750    i.HAL_PWREx_ControlVoltageScaling  stm32l4xx_hal_pwr_ex.o
    0x0800310c   0x0800310c   0x00000010   Code   RO         4768    i.HAL_PWREx_EnableLowPowerRunMode  stm32l4xx_hal_pwr_ex.o
    0x0800311c   0x0800311c   0x00000034   Code   RO         4778    i.HAL_PWREx_EnterSTOP0Mode  stm32l4xx_hal_pwr_ex.o
    0x08003150   0x08003150   0x00000038   Code   RO         4779    i.HAL_PWREx_EnterSTOP1Mode  stm32l4xx_hal_pwr_ex.o
    0x08003188   0x08003188   0x00000010   Code   RO         4781    i.HAL_PWREx_GetVoltageRange  stm32l4xx_hal_pwr_ex.o
    0x08003198   0x08003198   0x00000010   Code   RO         4642    i.HAL_PWR_EnableBkUpAccess  stm32l4xx_hal_pwr.o
    0x080031a8   0x080031a8   0x00000010   Code   RO         4649    i.HAL_PWR_EnterSTOPMode  stm32l4xx_hal_pwr.o
    0x080031b8   0x080031b8   0x000003ae   Code   RO         4116    i.HAL_RCCEx_PeriphCLKConfig  stm32l4xx_hal_rcc_ex.o
    0x08003566   0x08003566   0x00000002   PAD
    0x08003568   0x08003568   0x00000118   Code   RO         4001    i.HAL_RCC_ClockConfig  stm32l4xx_hal_rcc.o
    0x08003680   0x08003680   0x0000000c   Code   RO         4005    i.HAL_RCC_GetHCLKFreq  stm32l4xx_hal_rcc.o
    0x0800368c   0x0800368c   0x00000024   Code   RO         4007    i.HAL_RCC_GetPCLK1Freq  stm32l4xx_hal_rcc.o
    0x080036b0   0x080036b0   0x00000024   Code   RO         4008    i.HAL_RCC_GetPCLK2Freq  stm32l4xx_hal_rcc.o
    0x080036d4   0x080036d4   0x000000a4   Code   RO         4009    i.HAL_RCC_GetSysClockFreq  stm32l4xx_hal_rcc.o
    0x08003778   0x08003778   0x00000464   Code   RO         4012    i.HAL_RCC_OscConfig  stm32l4xx_hal_rcc.o
    0x08003bdc   0x08003bdc   0x0000008a   Code   RO         3094    i.HAL_RTCEx_DeactivateWakeUpTimer  stm32l4xx_hal_rtc_ex.o
    0x08003c66   0x08003c66   0x00000002   PAD
    0x08003c68   0x08003c68   0x000000fe   Code   RO         3115    i.HAL_RTCEx_SetWakeUpTimer_IT  stm32l4xx_hal_rtc_ex.o
    0x08003d66   0x08003d66   0x00000002   PAD
    0x08003d68   0x08003d68   0x00000010   Code   RO          210    i.HAL_RTCEx_WakeUpTimerEventCallback  main.o
    0x08003d78   0x08003d78   0x00000034   Code   RO         3122    i.HAL_RTCEx_WakeUpTimerIRQHandler  stm32l4xx_hal_rtc_ex.o
    0x08003dac   0x08003dac   0x00000044   Code   RO         2954    i.HAL_RTC_GetDate   stm32l4xx_hal_rtc.o
    0x08003df0   0x08003df0   0x00000054   Code   RO         2956    i.HAL_RTC_GetTime   stm32l4xx_hal_rtc.o
    0x08003e44   0x08003e44   0x000000c0   Code   RO         2957    i.HAL_RTC_Init      stm32l4xx_hal_rtc.o
    0x08003f04   0x08003f04   0x00000034   Code   RO         1934    i.HAL_RTC_MspInit   stm32l4xx_hal_msp.o
    0x08003f38   0x08003f38   0x000000d0   Code   RO         2963    i.HAL_RTC_SetDate   stm32l4xx_hal_rtc.o
    0x08004008   0x08004008   0x00000100   Code   RO         2964    i.HAL_RTC_SetTime   stm32l4xx_hal_rtc.o
    0x08004108   0x08004108   0x00000036   Code   RO         2965    i.HAL_RTC_WaitForSynchro  stm32l4xx_hal_rtc.o
    0x0800413e   0x0800413e   0x00000018   Code   RO         5009    i.HAL_SYSTICK_CLKSourceConfig  stm32l4xx_hal_cortex.o
    0x08004156   0x08004156   0x00000002   Code   RO         5010    i.HAL_SYSTICK_Callback  stm32l4xx_hal_cortex.o
    0x08004158   0x08004158   0x00000028   Code   RO         5011    i.HAL_SYSTICK_Config  stm32l4xx_hal_cortex.o
    0x08004180   0x08004180   0x00000008   Code   RO         5012    i.HAL_SYSTICK_IRQHandler  stm32l4xx_hal_cortex.o
    0x08004188   0x08004188   0x00000026   Code   RO         3720    i.HAL_UARTEx_DisableClockStopMode  stm32l4xx_hal_uart_ex.o
    0x080041ae   0x080041ae   0x00000002   Code   RO         3725    i.HAL_UARTEx_WakeupCallback  stm32l4xx_hal_uart_ex.o
    0x080041b0   0x080041b0   0x00000056   Code   RO         3373    i.HAL_UART_AbortReceive  stm32l4xx_hal_uart.o
    0x08004206   0x08004206   0x0000005c   Code   RO         3381    i.HAL_UART_DMAResume  stm32l4xx_hal_uart.o
    0x08004262   0x08004262   0x00000054   Code   RO         3382    i.HAL_UART_DMAStop  stm32l4xx_hal_uart.o
    0x080042b6   0x080042b6   0x00000040   Code   RO         3383    i.HAL_UART_DeInit   stm32l4xx_hal_uart.o
    0x080042f6   0x080042f6   0x00000002   Code   RO         3384    i.HAL_UART_ErrorCallback  stm32l4xx_hal_uart.o
    0x080042f8   0x080042f8   0x00000144   Code   RO         3387    i.HAL_UART_IRQHandler  stm32l4xx_hal_uart.o
    0x0800443c   0x0800443c   0x0000006a   Code   RO         3388    i.HAL_UART_Init     stm32l4xx_hal_uart.o
    0x080044a6   0x080044a6   0x00000002   PAD
    0x080044a8   0x080044a8   0x00000064   Code   RO         1935    i.HAL_UART_MspDeInit  stm32l4xx_hal_msp.o
    0x0800450c   0x0800450c   0x00000128   Code   RO         1936    i.HAL_UART_MspInit  stm32l4xx_hal_msp.o
    0x08004634   0x08004634   0x00000090   Code   RO         3392    i.HAL_UART_Receive_DMA  stm32l4xx_hal_uart.o
    0x080046c4   0x080046c4   0x00000010   Code   RO          211    i.HAL_UART_RxCpltCallback  main.o
    0x080046d4   0x080046d4   0x00000002   Code   RO         3395    i.HAL_UART_RxHalfCpltCallback  stm32l4xx_hal_uart.o
    0x080046d6   0x080046d6   0x000000b0   Code   RO         3396    i.HAL_UART_Transmit  stm32l4xx_hal_uart.o
    0x08004786   0x08004786   0x00000002   Code   RO         3399    i.HAL_UART_TxCpltCallback  stm32l4xx_hal_uart.o
    0x08004788   0x08004788   0x00000002   Code   RO         1816    i.HardFault_Handler  stm32l4xx_it.o
    0x0800478a   0x0800478a   0x00000022   Code   RO         2496    i.I2C_Flush_TXDR    stm32l4xx_hal_i2c.o
    0x080047ac   0x080047ac   0x00000084   Code   RO         2504    i.I2C_IsAcknowledgeFailed  stm32l4xx_hal_i2c.o
    0x08004830   0x08004830   0x0000002c   Code   RO         2511    i.I2C_TransferConfig  stm32l4xx_hal_i2c.o
    0x0800485c   0x0800485c   0x00000058   Code   RO         2512    i.I2C_WaitOnFlagUntilTimeout  stm32l4xx_hal_i2c.o
    0x080048b4   0x080048b4   0x00000084   Code   RO         2513    i.I2C_WaitOnRXNEFlagUntilTimeout  stm32l4xx_hal_i2c.o
    0x08004938   0x08004938   0x0000004c   Code   RO         2514    i.I2C_WaitOnSTOPFlagUntilTimeout  stm32l4xx_hal_i2c.o
    0x08004984   0x08004984   0x00000050   Code   RO         2515    i.I2C_WaitOnTXISFlagUntilTimeout  stm32l4xx_hal_i2c.o
    0x080049d4   0x080049d4   0x0000000c   Code   RO         2030    i.LL_ADC_GetOffsetChannel  stm32l4xx_hal_adc.o
    0x080049e0   0x080049e0   0x00000008   Code   RO         2031    i.LL_ADC_INJ_IsConversionOngoing  stm32l4xx_hal_adc.o
    0x080049e8   0x080049e8   0x00000008   Code   RO         2032    i.LL_ADC_REG_IsConversionOngoing  stm32l4xx_hal_adc.o
    0x080049f0   0x080049f0   0x00000008   Code   RO         2259    i.LL_ADC_REG_IsConversionOngoing  stm32l4xx_hal_adc_ex.o
    0x080049f8   0x080049f8   0x00000010   Code   RO         2033    i.LL_ADC_REG_IsTriggerSourceSWStart  stm32l4xx_hal_adc.o
    0x08004a08   0x08004a08   0x0000001e   Code   RO         2035    i.LL_ADC_SetChannelSamplingTime  stm32l4xx_hal_adc.o
    0x08004a26   0x08004a26   0x00000010   Code   RO         2036    i.LL_ADC_SetOffsetState  stm32l4xx_hal_adc.o
    0x08004a36   0x08004a36   0x00000002   PAD
    0x08004a38   0x08004a38   0x000000e4   Code   RO          213    i.MX_ADC1_Init      main.o
    0x08004b1c   0x08004b1c   0x0000004c   Code   RO          214    i.MX_DMA_Init       main.o
    0x08004b68   0x08004b68   0x00000212   Code   RO          215    i.MX_GPIO_Init      main.o
    0x08004d7a   0x08004d7a   0x00000002   PAD
    0x08004d7c   0x08004d7c   0x00000050   Code   RO          216    i.MX_I2C1_Init      main.o
    0x08004dcc   0x08004dcc   0x00000050   Code   RO          217    i.MX_RTC_Init       main.o
    0x08004e1c   0x08004e1c   0x00000038   Code   RO          218    i.MX_USART1_UART_Init  main.o
    0x08004e54   0x08004e54   0x00000038   Code   RO          219    i.MX_USART2_UART_Init  main.o
    0x08004e8c   0x08004e8c   0x00000002   Code   RO         1817    i.MemManage_Handler  stm32l4xx_it.o
    0x08004e8e   0x08004e8e   0x00000002   Code   RO         1818    i.NMI_Handler       stm32l4xx_it.o
    0x08004e90   0x08004e90   0x00000020   Code   RO         5013    i.NVIC_SetPriority  stm32l4xx_hal_cortex.o
    0x08004eb0   0x08004eb0   0x00000002   Code   RO         1819    i.PendSV_Handler    stm32l4xx_it.o
    0x08004eb2   0x08004eb2   0x00000002   PAD
    0x08004eb4   0x08004eb4   0x0000012c   Code   RO         4120    i.RCCEx_PLLSAI1_Config  stm32l4xx_hal_rcc_ex.o
    0x08004fe0   0x08004fe0   0x00000108   Code   RO         4121    i.RCCEx_PLLSAI2_Config  stm32l4xx_hal_rcc_ex.o
    0x080050e8   0x080050e8   0x0000007c   Code   RO         4013    i.RCC_SetFlashLatencyFromMSIRange  stm32l4xx_hal_rcc.o
    0x08005164   0x08005164   0x00000078   Code   RO          220    i.RF_900Mhz         main.o
    0x080051dc   0x080051dc   0x0000001c   Code   RO          222    i.RF_symbol         main.o
    0x080051f8   0x080051f8   0x00000012   Code   RO         2966    i.RTC_Bcd2ToByte    stm32l4xx_hal_rtc.o
    0x0800520a   0x0800520a   0x00000018   Code   RO         2967    i.RTC_ByteToBcd2    stm32l4xx_hal_rtc.o
    0x08005222   0x08005222   0x00000002   PAD
    0x08005224   0x08005224   0x0000003a   Code   RO         2968    i.RTC_EnterInitMode  stm32l4xx_hal_rtc.o
    0x0800525e   0x0800525e   0x00000002   PAD
    0x08005260   0x08005260   0x0000000c   Code   RO         1820    i.RTC_WKUP_IRQHandler  stm32l4xx_it.o
    0x0800526c   0x0800526c   0x00000002   Code   RO         1821    i.SVC_Handler       stm32l4xx_it.o
    0x0800526e   0x0800526e   0x00000002   PAD
    0x08005270   0x08005270   0x00000060   Code   RO          223    i.SendDateFlash     main.o
    0x080052d0   0x080052d0   0x00000094   Code   RO          224    i.Set_TimeDate      main.o
    0x08005364   0x08005364   0x0000000e   Code   RO         1822    i.SysTick_Handler   stm32l4xx_it.o
    0x08005372   0x08005372   0x00000002   PAD
    0x08005374   0x08005374   0x00000098   Code   RO          225    i.SystemClock_Config  main.o
    0x0800540c   0x0800540c   0x00000044   Code   RO         5131    i.SystemInit        system_stm32l4xx.o
    0x08005450   0x08005450   0x00000020   Code   RO          226    i.SystemPower_Config  main.o
    0x08005470   0x08005470   0x000000c8   Code   RO         3401    i.UART_AdvFeatureConfig  stm32l4xx_hal_uart.o
    0x08005538   0x08005538   0x0000005c   Code   RO         3402    i.UART_CheckIdleState  stm32l4xx_hal_uart.o
    0x08005594   0x08005594   0x00000014   Code   RO         3403    i.UART_DMAAbortOnError  stm32l4xx_hal_uart.o
    0x080055a8   0x080055a8   0x0000004a   Code   RO         3404    i.UART_DMAError     stm32l4xx_hal_uart.o
    0x080055f2   0x080055f2   0x0000003e   Code   RO         3405    i.UART_DMAReceiveCplt  stm32l4xx_hal_uart.o
    0x08005630   0x08005630   0x0000000a   Code   RO         3407    i.UART_DMARxHalfCplt  stm32l4xx_hal_uart.o
    0x0800563a   0x0800563a   0x00000020   Code   RO         3413    i.UART_EndRxTransfer  stm32l4xx_hal_uart.o
    0x0800565a   0x0800565a   0x00000012   Code   RO         3414    i.UART_EndTxTransfer  stm32l4xx_hal_uart.o
    0x0800566c   0x0800566c   0x000002a0   Code   RO         3417    i.UART_SetConfig    stm32l4xx_hal_uart.o
    0x0800590c   0x0800590c   0x00000064   Code   RO         3420    i.UART_WaitOnFlagUntilTimeout  stm32l4xx_hal_uart.o
    0x08005970   0x08005970   0x0000000c   Code   RO         1823    i.USART1_IRQHandler  stm32l4xx_it.o
    0x0800597c   0x0800597c   0x0000000c   Code   RO         1824    i.USART2_IRQHandler  stm32l4xx_it.o
    0x08005988   0x08005988   0x00000002   Code   RO         1825    i.UsageFault_Handler  stm32l4xx_it.o
    0x0800598a   0x0800598a   0x00000002   PAD
    0x0800598c   0x0800598c   0x00000190   Code   RO          228    i.Write_Ble_Preconfig  main.o
    0x08005b1c   0x08005b1c   0x00000118   Code   RO          229    i.Write_Flag        main.o
    0x08005c34   0x08005c34   0x00000190   Code   RO          230    i.Write_cali_Preconfig  main.o
    0x08005dc4   0x08005dc4   0x00000002   Code   RO          231    i._Error_Handler    main.o
    0x08005dc6   0x08005dc6   0x0000000e   Code   RO         5225    i.__scatterload_copy  mc_w.l(handlers.o)
    0x08005dd4   0x08005dd4   0x00000002   Code   RO         5226    i.__scatterload_null  mc_w.l(handlers.o)
    0x08005dd6   0x08005dd6   0x0000000e   Code   RO         5227    i.__scatterload_zeroinit  mc_w.l(handlers.o)
    0x08005de4   0x08005de4   0x00000168   Code   RO          232    i.a2d2temp          main.o
    0x08005f4c   0x08005f4c   0x00000088   Code   RO          234    i.alarm_both_ch_on  main.o
    0x08005fd4   0x08005fd4   0x00000088   Code   RO          235    i.alarm_ch1_on      main.o
    0x0800605c   0x0800605c   0x00000088   Code   RO          236    i.alarm_ch2_on      main.o
    0x080060e4   0x080060e4   0x0000001c   Code   RO          237    i.batt_40           main.o
    0x08006100   0x08006100   0x0000001c   Code   RO          238    i.batt_60           main.o
    0x0800611c   0x0800611c   0x0000001c   Code   RO          239    i.batt_80           main.o
    0x08006138   0x08006138   0x0000001c   Code   RO          240    i.batt_empty        main.o
    0x08006154   0x08006154   0x0000001c   Code   RO          241    i.batt_full         main.o
    0x08006170   0x08006170   0x00000050   Code   RO          242    i.battery_alarm_on  main.o
    0x080061c0   0x080061c0   0x00000018   Code   RO          243    i.battery_alert     main.o
    0x080061d8   0x080061d8   0x00000074   Code   RO          244    i.battery_buzzer    main.o
    0x0800624c   0x0800624c   0x000000cc   Code   RO          245    i.battery_level     main.o
    0x08006318   0x08006318   0x00000104   Code   RO          246    i.battery_symbol_alert  main.o
    0x0800641c   0x0800641c   0x000007dc   Code   RO          248    i.ble_value_sort    main.o
    0x08006bf8   0x08006bf8   0x0000008c   Code   RO          249    i.buzzer            main.o
    0x08006c84   0x08006c84   0x000007e4   Code   RO          250    i.calibration_sort  main.o
    0x08007468   0x08007468   0x00000086   Code   RO          251    i.char2ascii        main.o
    0x080074ee   0x080074ee   0x00000002   PAD
    0x080074f0   0x080074f0   0x0000001c   Code   RO          252    i.const_dataonapp   main.o
    0x0800750c   0x0800750c   0x0000001c   Code   RO          253    i.constant          main.o
    0x08007528   0x08007528   0x0000001c   Code   RO          254    i.constant_dualchannel  main.o
    0x08007544   0x08007544   0x0000001c   Code   RO          255    i.constant_singlechannelCH1  main.o
    0x08007560   0x08007560   0x0000001c   Code   RO          256    i.constant_singlechannelCH2  main.o
    0x0800757c   0x0800757c   0x0000001c   Code   RO          257    i.date_eight        main.o
    0x08007598   0x08007598   0x0000001c   Code   RO          258    i.date_five         main.o
    0x080075b4   0x080075b4   0x0000001c   Code   RO          259    i.date_four         main.o
    0x080075d0   0x080075d0   0x0000001c   Code   RO          260    i.date_nine         main.o
    0x080075ec   0x080075ec   0x0000001c   Code   RO          261    i.date_one          main.o
    0x08007608   0x08007608   0x0000001c   Code   RO          262    i.date_seven        main.o
    0x08007624   0x08007624   0x0000001c   Code   RO          263    i.date_six          main.o
    0x08007640   0x08007640   0x0000001c   Code   RO          264    i.date_three        main.o
    0x0800765c   0x0800765c   0x0000001c   Code   RO          265    i.date_two          main.o
    0x08007678   0x08007678   0x0000001c   Code   RO          266    i.date_zero         main.o
    0x08007694   0x08007694   0x0000001c   Code   RO          267    i.degree_c          main.o
    0x080076b0   0x080076b0   0x0000001c   Code   RO          268    i.degree_c_1        main.o
    0x080076cc   0x080076cc   0x0000001c   Code   RO          270    i.degree_f          main.o
    0x080076e8   0x080076e8   0x0000001c   Code   RO          271    i.degree_f_1        main.o
    0x08007704   0x08007704   0x0000001c   Code   RO          273    i.degree_single_c   main.o
    0x08007720   0x08007720   0x0000001c   Code   RO          274    i.degree_single_f   main.o
    0x0800773c   0x0800773c   0x00000e26   Code   RO          277    i.display_epaper    main.o
    0x08008562   0x08008562   0x00000002   PAD
    0x08008564   0x08008564   0x000000dc   Code   RO          278    i.display_humi      main.o
    0x08008640   0x08008640   0x000000e0   Code   RO          280    i.display_max_humi  main.o
    0x08008720   0x08008720   0x000000dc   Code   RO          282    i.display_max_singlehumi  main.o
    0x080087fc   0x080087fc   0x000000dc   Code   RO          283    i.display_max_singletemp  main.o
    0x080088d8   0x080088d8   0x000000e0   Code   RO          284    i.display_max_temp  main.o
    0x080089b8   0x080089b8   0x000000e0   Code   RO          286    i.display_min_humi  main.o
    0x08008a98   0x08008a98   0x000000dc   Code   RO          288    i.display_min_singlehumi  main.o
    0x08008b74   0x08008b74   0x000000dc   Code   RO          289    i.display_min_singletemp  main.o
    0x08008c50   0x08008c50   0x000000e0   Code   RO          290    i.display_min_temp  main.o
    0x08008d30   0x08008d30   0x000005d6   Code   RO          292    i.display_on_app    main.o
    0x08009306   0x08009306   0x00000002   PAD
    0x08009308   0x08009308   0x000000dc   Code   RO          293    i.display_singlehumi  main.o
    0x080093e4   0x080093e4   0x000000dc   Code   RO          294    i.display_singletemp  main.o
    0x080094c0   0x080094c0   0x000000dc   Code   RO          296    i.display_temp      main.o
    0x0800959c   0x0800959c   0x0000000c   Code   RO          298    i.dly               main.o
    0x080095a8   0x080095a8   0x0000001c   Code   RO          299    i.dot               main.o
    0x080095c4   0x080095c4   0x0000001c   Code   RO          300    i.dot_red           main.o
    0x080095e0   0x080095e0   0x00000040   Code   RO          301    i.double2string_HEX  main.o
    0x08009620   0x08009620   0x000002b6   Code   RO          302    i.double_to_string  main.o
    0x080098d6   0x080098d6   0x00000002   PAD
    0x080098d8   0x080098d8   0x0000001c   Code   RO          305    i.eight             main.o
    0x080098f4   0x080098f4   0x0000001c   Code   RO          306    i.eight_red         main.o
    0x08009910   0x08009910   0x0000001c   Code   RO          309    i.five              main.o
    0x0800992c   0x0800992c   0x0000001c   Code   RO          310    i.five_red          main.o
    0x08009948   0x08009948   0x0000001c   Code   RO          311    i.four              main.o
    0x08009964   0x08009964   0x0000001c   Code   RO          312    i.four_red          main.o
    0x08009980   0x08009980   0x0000002c   Code   RO          313    i.generate_crc8     main.o
    0x080099ac   0x080099ac   0x0000001c   Code   RO          315    i.hour_eight        main.o
    0x080099c8   0x080099c8   0x0000001c   Code   RO          316    i.hour_five         main.o
    0x080099e4   0x080099e4   0x0000001c   Code   RO          317    i.hour_four         main.o
    0x08009a00   0x08009a00   0x0000001c   Code   RO          318    i.hour_nine         main.o
    0x08009a1c   0x08009a1c   0x0000001c   Code   RO          319    i.hour_one          main.o
    0x08009a38   0x08009a38   0x0000001c   Code   RO          320    i.hour_seven        main.o
    0x08009a54   0x08009a54   0x0000001c   Code   RO          321    i.hour_six          main.o
    0x08009a70   0x08009a70   0x0000001c   Code   RO          322    i.hour_three        main.o
    0x08009a8c   0x08009a8c   0x0000001c   Code   RO          323    i.hour_two          main.o
    0x08009aa8   0x08009aa8   0x0000001c   Code   RO          324    i.hour_zero         main.o
    0x08009ac4   0x08009ac4   0x0000011c   Code   RO          325    i.humi2a2d          main.o
    0x08009be0   0x08009be0   0x000003e8   Code   RO          329    i.main              main.o
    0x08009fc8   0x08009fc8   0x0000001c   Code   RO          330    i.min_eight         main.o
    0x08009fe4   0x08009fe4   0x0000001c   Code   RO          331    i.min_five          main.o
    0x0800a000   0x0800a000   0x0000001c   Code   RO          332    i.min_four          main.o
    0x0800a01c   0x0800a01c   0x0000001c   Code   RO          335    i.min_nine          main.o
    0x0800a038   0x0800a038   0x0000001c   Code   RO          336    i.min_one           main.o
    0x0800a054   0x0800a054   0x0000001c   Code   RO          337    i.min_seven         main.o
    0x0800a070   0x0800a070   0x0000001c   Code   RO          338    i.min_six           main.o
    0x0800a08c   0x0800a08c   0x0000001c   Code   RO          339    i.min_three         main.o
    0x0800a0a8   0x0800a0a8   0x0000001c   Code   RO          340    i.min_two           main.o
    0x0800a0c4   0x0800a0c4   0x0000001c   Code   RO          341    i.min_zero          main.o
    0x0800a0e0   0x0800a0e0   0x0000001c   Code   RO          342    i.minus             main.o
    0x0800a0fc   0x0800a0fc   0x0000001c   Code   RO          343    i.minus_red         main.o
    0x0800a118   0x0800a118   0x00000018   Code   RO          344    i.mip_blank_screen  main.o
    0x0800a130   0x0800a130   0x0000006c   Code   RO          345    i.mip_command_update  main.o
    0x0800a19c   0x0800a19c   0x00000052   Code   RO          346    i.mip_data          main.o
    0x0800a1ee   0x0800a1ee   0x00000002   PAD
    0x0800a1f0   0x0800a1f0   0x0000004c   Code   RO          347    i.mip_data_tran     main.o
    0x0800a23c   0x0800a23c   0x00000050   Code   RO          348    i.mip_data_trans    main.o
    0x0800a28c   0x0800a28c   0x0000003e   Code   RO          349    i.mip_dummy_data    main.o
    0x0800a2ca   0x0800a2ca   0x0000005a   Code   RO          350    i.mip_gate_address  main.o
    0x0800a324   0x0800a324   0x00000058   Code   RO          351    i.mip_init          main.o
    0x0800a37c   0x0800a37c   0x0000001c   Code   RO          353    i.month_eight       main.o
    0x0800a398   0x0800a398   0x0000001c   Code   RO          354    i.month_five        main.o
    0x0800a3b4   0x0800a3b4   0x0000001c   Code   RO          355    i.month_four        main.o
    0x0800a3d0   0x0800a3d0   0x0000001c   Code   RO          356    i.month_nine        main.o
    0x0800a3ec   0x0800a3ec   0x0000001c   Code   RO          357    i.month_one         main.o
    0x0800a408   0x0800a408   0x0000001c   Code   RO          358    i.month_seven       main.o
    0x0800a424   0x0800a424   0x0000001c   Code   RO          359    i.month_six         main.o
    0x0800a440   0x0800a440   0x0000001c   Code   RO          360    i.month_three       main.o
    0x0800a45c   0x0800a45c   0x0000001c   Code   RO          361    i.month_two         main.o
    0x0800a478   0x0800a478   0x0000001c   Code   RO          362    i.month_zero        main.o
    0x0800a494   0x0800a494   0x00000168   Code   RO          363    i.mux_selec         main.o
    0x0800a5fc   0x0800a5fc   0x0000001c   Code   RO          364    i.nine              main.o
    0x0800a618   0x0800a618   0x0000001c   Code   RO          365    i.nine_red          main.o
    0x0800a634   0x0800a634   0x00000018   Code   RO          366    i.no_battery_alert  main.o
    0x0800a64c   0x0800a64c   0x00000010   Code   RO          367    i.no_reset_pressed  main.o
    0x0800a65c   0x0800a65c   0x0000001c   Code   RO          368    i.one               main.o
    0x0800a678   0x0800a678   0x0000001c   Code   RO          369    i.one_red           main.o
    0x0800a694   0x0800a694   0x0000001c   Code   RO          371    i.percentage_symbol_1  main.o
    0x0800a6b0   0x0800a6b0   0x00000088   Code   RO          373    i.read_adc          main.o
    0x0800a738   0x0800a738   0x0000025c   Code   RO          374    i.read_adc_resistance_4  main.o
    0x0800a994   0x0800a994   0x0000025c   Code   RO          375    i.read_adc_resistance_7  main.o
    0x0800abf0   0x0800abf0   0x000005fc   Code   RO          376    i.read_sensors      main.o
    0x0800b1ec   0x0800b1ec   0x000001f0   Code   RO          377    i.read_sht31        main.o
    0x0800b3dc   0x0800b3dc   0x00000098   Code   RO          378    i.reset_datetime    main.o
    0x0800b474   0x0800b474   0x00000010   Code   RO          379    i.reset_pressed     main.o
    0x0800b484   0x0800b484   0x00000060   Code   RO          380    i.resis2a2d         main.o
    0x0800b4e4   0x0800b4e4   0x0000001c   Code   RO          381    i.seven             main.o
    0x0800b500   0x0800b500   0x0000001c   Code   RO          382    i.seven_red         main.o
    0x0800b51c   0x0800b51c   0x0000001c   Code   RO          383    i.single_dot        main.o
    0x0800b538   0x0800b538   0x00000020   Code   RO          384    i.single_eight      main.o
    0x0800b558   0x0800b558   0x00000020   Code   RO          385    i.single_five       main.o
    0x0800b578   0x0800b578   0x00000020   Code   RO          386    i.single_four       main.o
    0x0800b598   0x0800b598   0x0000001c   Code   RO          387    i.single_minus      main.o
    0x0800b5b4   0x0800b5b4   0x00000020   Code   RO          388    i.single_nine       main.o
    0x0800b5d4   0x0800b5d4   0x0000001c   Code   RO          389    i.single_one        main.o
    0x0800b5f0   0x0800b5f0   0x0000001c   Code   RO          390    i.single_seven      main.o
    0x0800b60c   0x0800b60c   0x00000020   Code   RO          391    i.single_six        main.o
    0x0800b62c   0x0800b62c   0x00000020   Code   RO          392    i.single_temp_min_dot  main.o
    0x0800b64c   0x0800b64c   0x0000001c   Code   RO          393    i.single_temp_min_eight  main.o
    0x0800b668   0x0800b668   0x0000001c   Code   RO          394    i.single_temp_min_five  main.o
    0x0800b684   0x0800b684   0x0000001c   Code   RO          395    i.single_temp_min_four  main.o
    0x0800b6a0   0x0800b6a0   0x0000001c   Code   RO          396    i.single_temp_min_minus  main.o
    0x0800b6bc   0x0800b6bc   0x0000001c   Code   RO          397    i.single_temp_min_nine  main.o
    0x0800b6d8   0x0800b6d8   0x0000001c   Code   RO          398    i.single_temp_min_one  main.o
    0x0800b6f4   0x0800b6f4   0x0000001c   Code   RO          399    i.single_temp_min_seven  main.o
    0x0800b710   0x0800b710   0x0000001c   Code   RO          400    i.single_temp_min_six  main.o
    0x0800b72c   0x0800b72c   0x0000001c   Code   RO          401    i.single_temp_min_three  main.o
    0x0800b748   0x0800b748   0x0000001c   Code   RO          402    i.single_temp_min_two  main.o
    0x0800b764   0x0800b764   0x0000001c   Code   RO          403    i.single_temp_min_zero  main.o
    0x0800b780   0x0800b780   0x0000001c   Code   RO          404    i.single_three      main.o
    0x0800b79c   0x0800b79c   0x0000001c   Code   RO          405    i.single_two        main.o
    0x0800b7b8   0x0800b7b8   0x00000020   Code   RO          406    i.single_zero       main.o
    0x0800b7d8   0x0800b7d8   0x0000001c   Code   RO          407    i.six               main.o
    0x0800b7f4   0x0800b7f4   0x0000001c   Code   RO          408    i.six_red           main.o
    0x0800b810   0x0800b810   0x0000001c   Code   RO          409    i.temp_min_dot      main.o
    0x0800b82c   0x0800b82c   0x0000001c   Code   RO          410    i.temp_min_dot_red  main.o
    0x0800b848   0x0800b848   0x0000001c   Code   RO          411    i.temp_min_eight    main.o
    0x0800b864   0x0800b864   0x0000001c   Code   RO          412    i.temp_min_eight_red  main.o
    0x0800b880   0x0800b880   0x0000001c   Code   RO          413    i.temp_min_five     main.o
    0x0800b89c   0x0800b89c   0x0000001c   Code   RO          414    i.temp_min_five_red  main.o
    0x0800b8b8   0x0800b8b8   0x0000001c   Code   RO          415    i.temp_min_four     main.o
    0x0800b8d4   0x0800b8d4   0x0000001c   Code   RO          416    i.temp_min_four_red  main.o
    0x0800b8f0   0x0800b8f0   0x0000001c   Code   RO          417    i.temp_min_minus    main.o
    0x0800b90c   0x0800b90c   0x0000001c   Code   RO          418    i.temp_min_minus_red  main.o
    0x0800b928   0x0800b928   0x0000001c   Code   RO          419    i.temp_min_nine     main.o
    0x0800b944   0x0800b944   0x0000001c   Code   RO          420    i.temp_min_nine_red  main.o
    0x0800b960   0x0800b960   0x0000001c   Code   RO          421    i.temp_min_one      main.o
    0x0800b97c   0x0800b97c   0x0000001c   Code   RO          422    i.temp_min_one_red  main.o
    0x0800b998   0x0800b998   0x0000001c   Code   RO          423    i.temp_min_seven    main.o
    0x0800b9b4   0x0800b9b4   0x0000001c   Code   RO          424    i.temp_min_seven_red  main.o
    0x0800b9d0   0x0800b9d0   0x0000001c   Code   RO          425    i.temp_min_six      main.o
    0x0800b9ec   0x0800b9ec   0x0000001c   Code   RO          426    i.temp_min_six_red  main.o
    0x0800ba08   0x0800ba08   0x0000001c   Code   RO          427    i.temp_min_three    main.o
    0x0800ba24   0x0800ba24   0x0000001c   Code   RO          428    i.temp_min_three_red  main.o
    0x0800ba40   0x0800ba40   0x0000001c   Code   RO          429    i.temp_min_two      main.o
    0x0800ba5c   0x0800ba5c   0x0000001c   Code   RO          430    i.temp_min_two_red  main.o
    0x0800ba78   0x0800ba78   0x0000001c   Code   RO          431    i.temp_min_zero     main.o
    0x0800ba94   0x0800ba94   0x0000001c   Code   RO          432    i.temp_min_zero_red  main.o
    0x0800bab0   0x0800bab0   0x0000001c   Code   RO          433    i.three             main.o
    0x0800bacc   0x0800bacc   0x0000001c   Code   RO          434    i.three_red         main.o
    0x0800bae8   0x0800bae8   0x00000030   Code   RO          435    i.transmission      main.o
    0x0800bb18   0x0800bb18   0x0000001c   Code   RO          436    i.two               main.o
    0x0800bb34   0x0800bb34   0x0000001c   Code   RO          437    i.two_red           main.o
    0x0800bb50   0x0800bb50   0x00000308   Code   RO          438    i.updateMinMax      main.o
    0x0800be58   0x0800be58   0x00000034   Code   RO          439    i.update_display_black  main.o
    0x0800be8c   0x0800be8c   0x00000034   Code   RO          440    i.update_display_red  main.o
    0x0800bec0   0x0800bec0   0x00000050   Code   RO          441    i.update_sens_1_data  main.o
    0x0800bf10   0x0800bf10   0x00000050   Code   RO          442    i.update_sens_2_data  main.o
    0x0800bf60   0x0800bf60   0x0000001c   Code   RO          445    i.wifi_symbol_3     main.o
    0x0800bf7c   0x0800bf7c   0x000000b8   Code   RO          448    i.writeDataFlash    main.o
    0x0800c034   0x0800c034   0x0000001c   Code   RO          449    i.year_eight        main.o
    0x0800c050   0x0800c050   0x0000001c   Code   RO          450    i.year_five         main.o
    0x0800c06c   0x0800c06c   0x0000001c   Code   RO          451    i.year_four         main.o
    0x0800c088   0x0800c088   0x0000001c   Code   RO          452    i.year_nine         main.o
    0x0800c0a4   0x0800c0a4   0x0000001c   Code   RO          453    i.year_one          main.o
    0x0800c0c0   0x0800c0c0   0x0000001c   Code   RO          454    i.year_seven        main.o
    0x0800c0dc   0x0800c0dc   0x0000001c   Code   RO          455    i.year_six          main.o
    0x0800c0f8   0x0800c0f8   0x0000001c   Code   RO          456    i.year_three        main.o
    0x0800c114   0x0800c114   0x0000001c   Code   RO          457    i.year_two          main.o
    0x0800c130   0x0800c130   0x0000001c   Code   RO          458    i.year_zero         main.o
    0x0800c14c   0x0800c14c   0x0000001c   Code   RO          459    i.zero              main.o
    0x0800c168   0x0800c168   0x0000001c   Code   RO          460    i.zero_red          main.o
    0x0800c184   0x0800c184   0x00000004   PAD
    0x0800c188   0x0800c188   0x0001c2b8   Data   RO          468    .constdata          main.o
    0x08028440   0x08028440   0x00000040   Data   RO         5132    .constdata          system_stm32l4xx.o
    0x08028480   0x08028480   0x00000008   Data   RO         5133    .constdata          system_stm32l4xx.o
    0x08028488   0x08028488   0x00000020   Data   RO         5223    Region$$Table       anon$$obj.o


    Execution Region RW_IRAM1 (Exec base: 0x20000000, Load base: 0x080284a8, Size: 0x00004840, Max: 0x00018000, ABSOLUTE, COMPRESSED[0x00000a38])

    Exec Addr    Load Addr    Size         Type   Attr      Idx    E Section Name        Object

    0x20000000   COMPRESSED   0x00003632   Data   RW          482    .data               main.o
    0x20003632   COMPRESSED   0x00000002   PAD
    0x20003634   COMPRESSED   0x00000004   Data   RW         3816    .data               stm32l4xx_hal.o
    0x20003638   COMPRESSED   0x00000020   Data   RW         4256    .data               stm32l4xx_hal_flash.o
    0x20003658   COMPRESSED   0x00000004   Data   RW         5134    .data               system_stm32l4xx.o
    0x2000365c        -       0x00000d0c   Zero   RW          461    .bss                main.o
    0x20004368        -       0x00000048   Zero   RW          462    .bss                main.o
    0x200043b0        -       0x00000048   Zero   RW          463    .bss                main.o
    0x200043f8        -       0x00000048   Zero   RW          464    .bss                main.o
    0x20004440        -       0x00000400   Zero   RW            1    STACK               startup_stm32l475xx.o


==============================================================================

Image component sizes


      Code (inc. data)   RO Data    RW Data    ZI Data      Debug   Object Name

         0          0          0          0          0     870372   display_epd_w21.o
     31040       3284     115384      13874       3556    1073272   main.o
        36          8        392          0       1024        948   startup_stm32l475xx.o
       134         18          0          4          0       4967   stm32l4xx_hal.o
      2896        162          0          0          0      78064   stm32l4xx_hal_adc.o
       248         18          0          0          0      60211   stm32l4xx_hal_adc_ex.o
       250         14          0          0          0      33943   stm32l4xx_hal_cortex.o
       828         28          0          0          0       6799   stm32l4xx_hal_dma.o
       406         46          0         32          0       6066   stm32l4xx_hal_flash.o
       136         14          0          0          0       1506   stm32l4xx_hal_flash_ex.o
       840         78          0          0          0       5280   stm32l4xx_hal_gpio.o
      1714         48          0          0          0      14083   stm32l4xx_hal_i2c.o
       168          0          0          0          0       2247   stm32l4xx_hal_i2c_ex.o
       956        182          0          0          0       6698   stm32l4xx_hal_msp.o
        32          4          0          0          0       1407   stm32l4xx_hal_pwr.o
       244         42          0          0          0       3742   stm32l4xx_hal_pwr_ex.o
      1776         92          0          0          0       8284   stm32l4xx_hal_rcc.o
      1506         44          0          0          0       4500   stm32l4xx_hal_rcc_ex.o
       962         30          0          0          0       8712   stm32l4xx_hal_rtc.o
       444         10          0          0          0       4034   stm32l4xx_hal_rtc_ex.o
      2362         86          0          0          0      18989   stm32l4xx_hal_uart.o
        40          0          0          0          0       2030   stm32l4xx_hal_uart_ex.o
       110         36          0          0          0       9204   stm32l4xx_it.o
        68         12         72          4          0       1557   system_stm32l4xx.o

    ----------------------------------------------------------------------
     47266       4260     115880      13916       4580    2226915   Object Totals
         0          0         32          0          0          0   (incl. Generated)
        70          4          0          2          0          0   (incl. Padding)

    ----------------------------------------------------------------------

      Code (inc. data)   RO Data    RW Data    ZI Data      Debug   Library Member Name

        94          0          0          0          0          0   __dclz77c.o
         0          0          0          0          0          0   entry.o
         0          0          0          0          0          0   entry10a.o
         0          0          0          0          0          0   entry11a.o
         8          4          0          0          0          0   entry2.o
         4          0          0          0          0          0   entry5.o
         0          0          0          0          0          0   entry7b.o
         0          0          0          0          0          0   entry8b.o
         8          4          0          0          0          0   entry9a.o
        30          0          0          0          0          0   handlers.o
        36          8          0          0          0         68   init.o
         0          0          0          0          0          0   iusefp.o
        30          0          0          0          0         68   llshl.o
        36          0          0          0          0         68   llsshr.o
        32          0          0          0          0         68   llushr.o
        36          0          0          0          0        108   memseta.o
       104          0          0          0          0         92   uldiv.o
        48          0          0          0          0         68   cdcmple.o
        48          0          0          0          0         68   cdrcmple.o
        56          0          0          0          0         88   d2f.o
       350          0          0          0          0        148   dadd.o
       222          0          0          0          0        100   ddiv.o
       186          0          0          0          0        176   depilogue.o
        62          0          0          0          0         80   dfixi.o
        50          0          0          0          0         76   dfixui.o
        34          0          0          0          0         76   dflti.o
        26          0          0          0          0         76   dfltui.o
       234          0          0          0          0         96   dmul.o
        38          0          0          0          0         68   f2d.o
       110          0          0          0          0        168   fepilogue.o

    ----------------------------------------------------------------------
      1886         16          0          0          0       1760   Library Totals
         4          0          0          0          0          0   (incl. Padding)

    ----------------------------------------------------------------------

      Code (inc. data)   RO Data    RW Data    ZI Data      Debug   Library Name

       418         16          0          0          0        472   mc_w.l
      1464          0          0          0          0       1288   mf_w.l

    ----------------------------------------------------------------------
      1886         16          0          0          0       1760   Library Totals

    ----------------------------------------------------------------------

==============================================================================


      Code (inc. data)   RO Data    RW Data    ZI Data      Debug   

     49152       4276     115880      13916       4580    2191227   Grand Totals
     49152       4276     115880       2616       4580    2191227   ELF Image Totals (compressed)
     49152       4276     115880       2616          0          0   ROM Totals

==============================================================================

    Total RO  Size (Code + RO Data)               165032 ( 161.16kB)
    Total RW  Size (RW Data + ZI Data)             18496 (  18.06kB)
    Total ROM Size (Code + RO Data + RW Data)     167648 ( 163.72kB)

==============================================================================

