<html>
<body>
<pre>
<h1>µVision Build Log</h1>
<h2>Tool Versions:</h2>
IDE-Version: µVision V5.26.2.0
Copyright (C) 2018 ARM Ltd and ARM Germany GmbH. All rights reserved.
License Information: K C, KC, LIC=CRMUH-WDIVI-GPNZR-KRQCY-CILF2-E85LM
 
Tool Versions:
Toolchain:       MDK-ARM Professional  Version: 5.26.2.0
Toolchain Path:  C:\Keil_v5\ARM\ARMCC\Bin
C Compiler:      Armcc.exe V5.06 update 6 (build 750)
Assembler:       Armasm.exe V5.06 update 6 (build 750)
Linker/Locator:  ArmLink.exe V5.06 update 6 (build 750)
Library Manager: ArmAr.exe V5.06 update 6 (build 750)
Hex Converter:   FromElf.exe V5.06 update 6 (build 750)
CPU DLL:         SARMCM3.DLL V5.26.2.0
Dialog DLL:      DCM.DLL V1.17.2.0
Target DLL:      STLink\ST-LINKIII-KEIL_SWO.dll V3.0.5.0
Dialog DLL:      TCM.DLL V1.36.1.0
 
<h2>Project:</h2>
E:\900MHz code\stm32L4 controller codes\final codes\Final working codes\Code for intermountain\08.07.2019\Code_Sunfire Testing_Final_ver_1_25.06.2019\MDK-ARM\STML475VGT6_1.uvprojx
Project File Date:  05/30/2019

<h2>Output:</h2>
*** Using Compiler 'V5.06 update 6 (build 750)', folder: 'C:\Keil_v5\ARM\ARMCC\Bin'
Build target 'STML475VGT6_1'
compiling main.c...
../Inc/GD_BW_add_Crazyman.h(749): warning:  #1295-D: Deprecated declaration display_status - give arg types
  void display_status();
../Inc/GD_BW_add_Crazyman.h(753): warning:  #1295-D: Deprecated declaration empty_array - give arg types
  void empty_array();
../Inc/GD_BW_add_Crazyman.h(754): warning:  #1295-D: Deprecated declaration batt_empty - give arg types
  void batt_empty();
../Inc/GD_BW_add_Crazyman.h(755): warning:  #1295-D: Deprecated declaration batt_80 - give arg types
  void batt_80();
../Inc/GD_BW_add_Crazyman.h(756): warning:  #1295-D: Deprecated declaration batt_60 - give arg types
  void batt_60();
../Inc/GD_BW_add_Crazyman.h(757): warning:  #1295-D: Deprecated declaration batt_full - give arg types
  void batt_full();
../Inc/GD_BW_add_Crazyman.h(758): warning:  #1295-D: Deprecated declaration id - give arg types
  void id();
../Inc/GD_BW_add_Crazyman.h(759): warning:  #1295-D: Deprecated declaration demo - give arg types
  void demo();
../Inc/GD_BW_add_Crazyman.h(760): warning:  #1295-D: Deprecated declaration min_max - give arg types
  void min_max();
../Inc/GD_BW_add_Crazyman.h(761): warning:  #1295-D: Deprecated declaration degree_f - give arg types
  void degree_f();
../Inc/GD_BW_add_Crazyman.h(762): warning:  #1295-D: Deprecated declaration degree_single_f - give arg types
  void degree_single_f();
../Inc/GD_BW_add_Crazyman.h(763): warning:  #1295-D: Deprecated declaration degree_f_1 - give arg types
  void degree_f_1();
../Inc/GD_BW_add_Crazyman.h(764): warning:  #1295-D: Deprecated declaration degree_f_red - give arg types
  void degree_f_red();
../Inc/GD_BW_add_Crazyman.h(765): warning:  #1295-D: Deprecated declaration degree_c - give arg types
  void degree_c();
../Inc/GD_BW_add_Crazyman.h(766): warning:  #1295-D: Deprecated declaration degree_single_c - give arg types
  void degree_single_c();
../Inc/GD_BW_add_Crazyman.h(767): warning:  #1295-D: Deprecated declaration degree_c_1 - give arg types
  void degree_c_1();
../Inc/GD_BW_add_Crazyman.h(768): warning:  #1295-D: Deprecated declaration degree_c_red - give arg types
  void degree_c_red();
../Inc/GD_BW_add_Crazyman.h(769): warning:  #1295-D: Deprecated declaration percentage_symbol - give arg types
  void percentage_symbol();
../Inc/GD_BW_add_Crazyman.h(770): warning:  #1295-D: Deprecated declaration percentage_symbol_1 - give arg types
  void percentage_symbol_1();
../Inc/GD_BW_add_Crazyman.h(771): warning:  #1295-D: Deprecated declaration percentage_symbol_red - give arg types
  void percentage_symbol_red();
../Inc/GD_BW_add_Crazyman.h(773): warning:  #1295-D: Deprecated declaration wifi_symbol_3 - give arg types
  void wifi_symbol_3();
../Inc/GD_BW_add_Crazyman.h(774): warning:  #1295-D: Deprecated declaration wifi_symbol_2 - give arg types
  void wifi_symbol_2();
../Inc/GD_BW_add_Crazyman.h(775): warning:  #1295-D: Deprecated declaration wifi_symbol_1 - give arg types
  void wifi_symbol_1();
../Inc/GD_BW_add_Crazyman.h(776): warning:  #1295-D: Deprecated declaration RF_symbol - give arg types
  void RF_symbol();
../Inc/GD_BW_add_Crazyman.h(777): warning:  #1295-D: Deprecated declaration constant - give arg types
  void constant();
../Inc/GD_BW_add_Crazyman.h(915): warning:  #1295-D: Deprecated declaration degree_symbol - give arg types
  void degree_symbol();
../Inc/GD_BW_add_Crazyman.h(916): warning:  #1295-D: Deprecated declaration f_symbol - give arg types
  void f_symbol();
../Inc/GD_BW_add_Crazyman.h(917): warning:  #1295-D: Deprecated declaration min_max_num - give arg types
  void min_max_num();
../Inc/GD_BW_add_Crazyman.h(1376): warning:  #223-D: function "SPI_Delay" declared implicitly
      SPI_Delay(1);
../Inc/GD_BW_add_Crazyman.h(1392): warning:  #223-D: function "SPI_Delay" declared implicitly
      SPI_Delay(1);
../Inc/GD_BW_add_Crazyman.h(1412): warning:  #223-D: function "SPI_Delay" declared implicitly
     SPI_Delay(200);
../Inc/GD_BW_add_Crazyman.h(1404): warning:  #177-D: variable "i"  was declared but never referenced
    int i;
../Inc/GD_BW_add_Crazyman.h(1451): warning:  #177-D: variable "i"  was declared but never referenced
    int i;
../Inc/GD_BW_add_Crazyman.h(2638): warning:  #167-D: argument of type "unsigned char *" is incompatible with parameter of type "char *"
    size_1 = double_to_string(yo_10,temp_string); 
../Inc/GD_BW_add_Crazyman.h(2650): warning:  #167-D: argument of type "unsigned char *" is incompatible with parameter of type "char *"
    size_1 = double_to_string(yo_10,temp_string); 
../Inc/GD_BW_add_Crazyman.h(2704): warning:  #167-D: argument of type "unsigned char *" is incompatible with parameter of type "char *"
    size_1 = double_to_string(yo_18,temp_string); 
../Inc/GD_BW_add_Crazyman.h(2716): warning:  #167-D: argument of type "unsigned char *" is incompatible with parameter of type "char *"
    size_1 = double_to_string(yo_18,temp_string); 
../Inc/GD_BW_add_Crazyman.h(2770): warning:  #167-D: argument of type "unsigned char *" is incompatible with parameter of type "char *"
    size_1 = double_to_string(yo_16,temp_string); 
../Inc/GD_BW_add_Crazyman.h(2783): warning:  #167-D: argument of type "unsigned char *" is incompatible with parameter of type "char *"
  size_1 = double_to_string(yo_16,temp_string); 
../Inc/GD_BW_add_Crazyman.h(2836): warning:  #167-D: argument of type "unsigned char *" is incompatible with parameter of type "char *"
  size_1 = double_to_string(yo_11,humi_string); 
../Inc/GD_BW_add_Crazyman.h(2846): warning:  #167-D: argument of type "unsigned char *" is incompatible with parameter of type "char *"
  size_1 = double_to_string(yo_11,humi_string); 
../Inc/GD_BW_add_Crazyman.h(2897): warning:  #167-D: argument of type "unsigned char *" is incompatible with parameter of type "char *"
  size_1 = double_to_string(yo_19,humi_string); 
../Inc/GD_BW_add_Crazyman.h(2907): warning:  #167-D: argument of type "unsigned char *" is incompatible with parameter of type "char *"
  size_1 = double_to_string(yo_19,humi_string); 
../Inc/GD_BW_add_Crazyman.h(2958): warning:  #167-D: argument of type "unsigned char *" is incompatible with parameter of type "char *"
  size_1 = double_to_string(yo_11,humi_string); 
../Inc/GD_BW_add_Crazyman.h(2969): warning:  #167-D: argument of type "unsigned char *" is incompatible with parameter of type "char *"
  size_1 = double_to_string(yo_11,humi_string); 
../Inc/GD_BW_add_Crazyman.h(3019): warning:  #167-D: argument of type "unsigned char *" is incompatible with parameter of type "char *"
  size_1 = double_to_string(yo_12,temp_min_string); 
../Inc/GD_BW_add_Crazyman.h(3029): warning:  #167-D: argument of type "unsigned char *" is incompatible with parameter of type "char *"
  size_1 = double_to_string(yo_12,temp_min_string); 
../Inc/GD_BW_add_Crazyman.h(3079): warning:  #167-D: argument of type "unsigned char *" is incompatible with parameter of type "char *"
  size_1 = double_to_string(yo_20,temp_min_string); 
../Inc/GD_BW_add_Crazyman.h(3089): warning:  #167-D: argument of type "unsigned char *" is incompatible with parameter of type "char *"
  size_1 = double_to_string(yo_20,temp_min_string); 
../Inc/GD_BW_add_Crazyman.h(3139): warning:  #167-D: argument of type "unsigned char *" is incompatible with parameter of type "char *"
  size_1 = double_to_string(yo_17,temp_min_string); 
../Inc/GD_BW_add_Crazyman.h(3149): warning:  #167-D: argument of type "unsigned char *" is incompatible with parameter of type "char *"
  size_1 = double_to_string(yo_17,temp_min_string); 
../Inc/GD_BW_add_Crazyman.h(3199): warning:  #167-D: argument of type "unsigned char *" is incompatible with parameter of type "char *"
  size_1 = double_to_string(yo_13, temp_max_string); 
../Inc/GD_BW_add_Crazyman.h(3210): warning:  #167-D: argument of type "unsigned char *" is incompatible with parameter of type "char *"
  size_1 = double_to_string(yo_13, temp_max_string); 
../Inc/GD_BW_add_Crazyman.h(3261): warning:  #167-D: argument of type "unsigned char *" is incompatible with parameter of type "char *"
  size_1 = double_to_string(yo_21, temp_max_string); 
../Inc/GD_BW_add_Crazyman.h(3272): warning:  #167-D: argument of type "unsigned char *" is incompatible with parameter of type "char *"
  size_1 = double_to_string(yo_21, temp_max_string); 
../Inc/GD_BW_add_Crazyman.h(3323): warning:  #167-D: argument of type "unsigned char *" is incompatible with parameter of type "char *"
  size_1 = double_to_string(yo_13, temp_max_string); 
../Inc/GD_BW_add_Crazyman.h(3333): warning:  #167-D: argument of type "unsigned char *" is incompatible with parameter of type "char *"
  size_1 = double_to_string(yo_13, temp_max_string); 
../Inc/GD_BW_add_Crazyman.h(3383): warning:  #167-D: argument of type "unsigned char *" is incompatible with parameter of type "char *"
  size_1 = double_to_string(yo_14, humi_min_string); 
../Inc/GD_BW_add_Crazyman.h(3394): warning:  #167-D: argument of type "unsigned char *" is incompatible with parameter of type "char *"
  size_1 = double_to_string(yo_14, humi_min_string); 
../Inc/GD_BW_add_Crazyman.h(3445): warning:  #167-D: argument of type "unsigned char *" is incompatible with parameter of type "char *"
  size_1 = double_to_string(yo_22, humi_min_string); 
../Inc/GD_BW_add_Crazyman.h(3456): warning:  #167-D: argument of type "unsigned char *" is incompatible with parameter of type "char *"
  size_1 = double_to_string(yo_22, humi_min_string); 
../Inc/GD_BW_add_Crazyman.h(3505): warning:  #167-D: argument of type "unsigned char *" is incompatible with parameter of type "char *"
  size_1 = double_to_string(yo_14, humi_min_string); 
../Inc/GD_BW_add_Crazyman.h(3516): warning:  #167-D: argument of type "unsigned char *" is incompatible with parameter of type "char *"
  size_1 = double_to_string(yo_14, humi_min_string); 
../Inc/GD_BW_add_Crazyman.h(3566): warning:  #167-D: argument of type "unsigned char *" is incompatible with parameter of type "char *"
  size_1 = double_to_string(yo_15, humi_max_string); 
../Inc/GD_BW_add_Crazyman.h(3577): warning:  #167-D: argument of type "unsigned char *" is incompatible with parameter of type "char *"
  size_1 = double_to_string(yo_15, humi_max_string); 
../Inc/GD_BW_add_Crazyman.h(3629): warning:  #167-D: argument of type "unsigned char *" is incompatible with parameter of type "char *"
  size_1 = double_to_string(yo_23, humi_max_string); 
../Inc/GD_BW_add_Crazyman.h(3640): warning:  #167-D: argument of type "unsigned char *" is incompatible with parameter of type "char *"
  size_1 = double_to_string(yo_23, humi_max_string); 
../Inc/GD_BW_add_Crazyman.h(3692): warning:  #167-D: argument of type "unsigned char *" is incompatible with parameter of type "char *"
  size_1 = double_to_string(yo_15, humi_max_string); 
../Inc/GD_BW_add_Crazyman.h(3703): warning:  #167-D: argument of type "unsigned char *" is incompatible with parameter of type "char *"
  size_1 = double_to_string(yo_15, humi_max_string); 
../Src/main.c(2345): warning:  #1295-D: Deprecated declaration reset_pressed - give arg types
  void reset_pressed();
../Src/main.c(2346): warning:  #1295-D: Deprecated declaration no_reset_pressed - give arg types
  void no_reset_pressed();
../Src/main.c(2690): warning:  #167-D: argument of type "char *" is incompatible with parameter of type "uint8_t *"
  		HAL_UART_Transmit(&huart2,beacon_array,26,100);
../Src/main.c(2750): warning:  #1295-D: Deprecated declaration DataFlashUART - give arg types
  void DataFlashUART();
../Src/main.c(2766): warning:  #177-D: variable "checksum"  was declared but never referenced
    uint8_t checksum = 0,i,first_start = 1;
../Src/main.c(2766): warning:  #177-D: variable "i"  was declared but never referenced
    uint8_t checksum = 0,i,first_start = 1;
../Src/main.c(2766): warning:  #177-D: variable "first_start"  was declared but never referenced
    uint8_t checksum = 0,i,first_start = 1;
../Src/main.c(2767): warning:  #177-D: variable "trans_count"  was declared but never referenced
  	uint32_t cnt,trans_count = 0;
../Src/main.c(3061): warning:  #1081-D: conversion from integer to smaller pointer
  			if((*(uint8_t*)(memoryadd)) == 0x2A)
../Src/main.c(3065): warning:  #1081-D: conversion from integer to smaller pointer
  					datauart[i] = *(uint32_t *)(memoryadd+i);
../Src/main.c(3051): warning:  #177-D: variable "v"  was declared but never referenced
  	uint8_t v=0;
../Src/main.c(3121): warning:  #9-D: nested comment is not allowed
  =====================================================================================================================================================//*/
../Src/main.c(3228): warning:  #9-D: nested comment is not allowed
  =====================================================================================================================================================//*/
../Src/main.c(3231): warning:  #177-D: variable "j"  was declared but never referenced
  	uint8_t j=1,page2_flag=0;
../Src/main.c(3231): warning:  #177-D: variable "page2_flag"  was declared but never referenced
  	uint8_t j=1,page2_flag=0;
../Src/main.c(3353): warning:  #177-D: variable "j"  was declared but never referenced
  	uint8_t j=1,page2_flag=0;
../Src/main.c(3353): warning:  #177-D: variable "page2_flag"  was declared but never referenced
  	uint8_t j=1,page2_flag=0;
../Src/main.c(3475): warning:  #177-D: variable "j"  was declared but never referenced
  	uint8_t j=1;
../Src/main.c(3678): warning:  #177-D: variable "j"  was declared but never referenced
  			uint8_t j=1,page2_flag=0;
../Src/main.c(3678): warning:  #177-D: variable "page2_flag"  was declared but never referenced
  			uint8_t j=1,page2_flag=0;
../Src/main.c(3861): warning:  #177-D: variable "j"  was declared but never referenced
  	uint8_t j=1;
../Src/main.c(4077): warning:  #9-D: nested comment is not allowed
  =====================================================================================================================================================//*/
../Src/main.c(4149): warning:  #174-D: expression has no effect
  	__NOP;
../Src/main.c(4150): warning:  #174-D: expression has no effect
  	__NOP;
../Src/main.c(4151): warning:  #174-D: expression has no effect
  	__NOP;
../Src/main.c(4152): warning:  #174-D: expression has no effect
  	__NOP;
../Src/main.c(4153): warning:  #174-D: expression has no effect
  	__NOP;
../Src/main.c(4330): warning:  #9-D: nested comment is not allowed
  =====================================================================================================================================================//*/
../Src/main.c(4501): warning:  #177-D: variable "n"  was declared but never referenced
  	uint8_t n,i,j;
../Src/main.c(4879): warning:  #111-D: statement is unreachable
        break;
../Src/main.c(4884): warning:  #111-D: statement is unreachable
        break;
../Src/main.c(4889): warning:  #111-D: statement is unreachable
        break;
../Src/main.c(4894): warning:  #111-D: statement is unreachable
        break;
../Src/main.c(4899): warning:  #111-D: statement is unreachable
        break;
../Src/main.c(4904): warning:  #111-D: statement is unreachable
        break;
../Src/main.c(4909): warning:  #111-D: statement is unreachable
        break;
../Src/main.c(4914): warning:  #111-D: statement is unreachable
        break;
../Src/main.c(4919): warning:  #111-D: statement is unreachable
        break;
../Src/main.c(4924): warning:  #111-D: statement is unreachable
        break;
../Src/main.c(4929): warning:  #111-D: statement is unreachable
        break;
../Src/main.c(4934): warning:  #111-D: statement is unreachable
        break;
../Src/main.c(4939): warning:  #111-D: statement is unreachable
        break;
../Src/main.c(4944): warning:  #111-D: statement is unreachable
        break;
../Src/main.c(4949): warning:  #111-D: statement is unreachable
        break;
../Src/main.c(4954): warning:  #111-D: statement is unreachable
        break;
../Src/main.c(4959): warning:  #111-D: statement is unreachable
        break;
../Src/main.c(4964): warning:  #111-D: statement is unreachable
        break;
../Src/main.c(4969): warning:  #111-D: statement is unreachable
        break;
../Src/main.c(4974): warning:  #111-D: statement is unreachable
        break;
../Src/main.c(4979): warning:  #111-D: statement is unreachable
        break;
../Src/main.c(4984): warning:  #111-D: statement is unreachable
        break;
../Src/main.c(4987): warning:  #940-D: missing return statement at end of non-void function "char2ascii" 
  }
../Src/main.c(5389): warning:  #9-D: nested comment is not allowed
  =====================================================================================================================================================//*/
../Src/main.c(5615): warning:  #9-D: nested comment is not allowed
  	//============================================================================/*/
../Src/main.c(6146): warning:  #9-D: nested comment is not allowed
  	//============================================================================/*/
../Src/main.c(6453): warning:  #167-D: argument of type "char *" is incompatible with parameter of type "uint8_t *"
  																												HAL_UART_Transmit(&huart2,deviceserial,7,20);
../Src/main.c(7164): warning:  #167-D: argument of type "int8_t *" is incompatible with parameter of type "uint8_t *"
  		HAL_UART_Transmit(&huart2,data,17,100);
../Src/main.c(7487): warning:  #177-D: variable "sTime"  was declared but never referenced
    RTC_TimeTypeDef sTime;
../Src/main.c(7488): warning:  #177-D: variable "sDate"  was declared but never referenced
    RTC_DateTypeDef sDate;
../Src/main.c(7786): warning:  #177-D: variable "i"  was declared but never referenced
  	uint16_t i = 0;
../Src/main.c: 129 warnings, 0 errors
linking...
Program Size: Code=49152 RO-data=115880 RW-data=13916 ZI-data=4580  
FromELF: creating hex file...
"STML475VGT6_1\STML475VGT6_1.axf" - 0 Error(s), 129 Warning(s).

<h2>Software Packages used:</h2>

Package Vendor: ARM
                http://www.keil.com/pack/ARM.CMSIS.5.5.1.pack
                ARM.CMSIS.5.5.1
                CMSIS (Cortex Microcontroller Software Interface Standard)
   * Component: CORE Version: 5.2.0

Package Vendor: Keil
                http://www.keil.com/pack/Keil.STM32L4xx_DFP.2.2.0.pack
                Keil.STM32L4xx_DFP.2.2.0
                STMicroelectronics STM32L4 Series Device Support, Drivers and Examples

<h2>Collection of Component include folders:</h2>
  .\RTE\_STML475VGT6_1
  C:\Keil_v5\ARM\PACK\ARM\CMSIS\5.5.1\CMSIS\Core\Include
  C:\Keil_v5\ARM\PACK\Keil\STM32L4xx_DFP\2.2.0\Drivers\CMSIS\Device\ST\STM32L4xx\Include

<h2>Collection of Component Files used:</h2>

   * Component: ARM::CMSIS:CORE:5.2.0
Build Time Elapsed:  00:00:09
</pre>
</body>
</html>
